ARM GAS  C:\Users\thieu\AppData\Local\Temp\ccAZqC1a.s 			page 1


   1              		.syntax unified
   2              		.cpu cortex-m3
   3              		.fpu softvfp
   4              		.eabi_attribute 20, 1
   5              		.eabi_attribute 21, 1
   6              		.eabi_attribute 23, 3
   7              		.eabi_attribute 24, 1
   8              		.eabi_attribute 25, 1
   9              		.eabi_attribute 26, 1
  10              		.eabi_attribute 30, 6
  11              		.eabi_attribute 34, 1
  12              		.eabi_attribute 18, 4
  13              		.thumb
  14              		.syntax unified
  15              		.file	"main.c"
  16              		.text
  17              	.Ltext0:
  18              		.cfi_sections	.debug_frame
  19              		.bss
  20              		.align	2
  21              	buffer:
  22 0000 00000000 		.space	128
  22      00000000 
  22      00000000 
  22      00000000 
  22      00000000 
  23              	cRx:
  24 0080 00       		.space	1
  25              		.section	.text.MyIsrUartRX,"ax",%progbits
  26              		.align	2
  27              		.global	MyIsrUartRX
  28              		.thumb
  29              		.thumb_func
  30              		.type	MyIsrUartRX, %function
  31              	MyIsrUartRX:
  32              	.LFB64:
  33              		.file 1 "main.c"
   1:main.c        **** /* ========================================
   2:main.c        ****  *
   3:main.c        ****  * Copyright R. Mayer, h_da, FbI, 2019
   4:main.c        ****  * All Rights Reserved
   5:main.c        ****  * UNPUBLISHED, LICENSED SOFTWARE.
   6:main.c        ****  *
   7:main.c        ****  * CONFIDENTIAL AND PROPRIETARY INFORMATION
   8:main.c        ****  * WHICH IS THE PROPERTY OF your company.
   9:main.c        ****  *
  10:main.c        ****  * ========================================
  11:main.c        ****  */
  12:main.c        **** #include "project.h"
  13:main.c        **** #include <stdio.h>          // für string-Operationen wie sprintf
  14:main.c        **** 
  15:main.c        **** /*
  16:main.c        ****  * Diese Definitionen ermöglichen es, 
  17:main.c        ****  * einfach Informationen auf den Bildschirm zu schreiben
  18:main.c        ****  */
  19:main.c        **** #define _VERSION_NR     "ver. 1.0"              //!< Version number. Please update
  20:main.c        **** #define _PROJECT_NAME   "MPS_W22_Prakt_2"       //!< Project name
ARM GAS  C:\Users\thieu\AppData\Local\Temp\ccAZqC1a.s 			page 2


  21:main.c        **** #define _PROCESSOR      "PSoC 5LP"              //!< Processor type
  22:main.c        **** #define _DEVICE_NAME    "FreeSoC2"              //!< Board or device type
  23:main.c        **** #define _AUTHOR_        "Anne Stesi, Imo Biel"
  24:main.c        **** #define _COMPANY        "Template MPS 3"
  25:main.c        **** 
  26:main.c        **** // String für die Anzeige zusammenbauen
  27:main.c        **** #define _VERSTR_       (_PROJECT_NAME", "_DEVICE_NAME", "_PROCESSOR", "_VERSION_NR"\n\r"\
  28:main.c        **** _AUTHOR_" ("_COMPANY"), "__DATE__" "__TIME__)
  29:main.c        **** 
  30:main.c        **** /* 
  31:main.c        ****  * String Buffer für Anzeige am Bildschirm anlegen.
  32:main.c        ****  * Auf die maximale Größe achten!
  33:main.c        ****  */
  34:main.c        **** #define BUFFER_SIZE 128             //!< string output buffer size for sprintf
  35:main.c        **** static char buffer[BUFFER_SIZE];    //!< buffer (global) for sprintf
  36:main.c        **** 
  37:main.c        **** static char cRx = 0;                //!< character from UART, visible within main.c
  38:main.c        **** /** 
  39:main.c        ****  * UART RX interrupt service routine.
  40:main.c        ****  *
  41:main.c        ****  * Collect a characters from UART into a global input variable.
  42:main.c        ****  * @see cRx
  43:main.c        ****  */
  44:main.c        **** CY_ISR( MyIsrUartRX ) {
  34              		.loc 1 44 0
  35              		.cfi_startproc
  36              		@ args = 0, pretend = 0, frame = 0
  37              		@ frame_needed = 1, uses_anonymous_args = 0
  38 0000 80B5     		push	{r7, lr}
  39              		.cfi_def_cfa_offset 8
  40              		.cfi_offset 7, -8
  41              		.cfi_offset 14, -4
  42 0002 00AF     		add	r7, sp, #0
  43              		.cfi_def_cfa_register 7
  45:main.c        ****     cRx = UART_GetChar();       // read and copy char
  44              		.loc 1 45 0
  45 0004 FFF7FEFF 		bl	UART_GetChar
  46 0008 0346     		mov	r3, r0
  47 000a 1A46     		mov	r2, r3
  48 000c 014B     		ldr	r3, .L2
  49 000e 1A70     		strb	r2, [r3]
  46:main.c        **** }
  50              		.loc 1 46 0
  51 0010 00BF     		nop
  52 0012 80BD     		pop	{r7, pc}
  53              	.L3:
  54              		.align	2
  55              	.L2:
  56 0014 80000000 		.word	cRx
  57              		.cfi_endproc
  58              	.LFE64:
  59              		.size	MyIsrUartRX, .-MyIsrUartRX
  60              		.bss
  61              	fCWEW_Isr:
  62 0081 00       		.space	1
  63              		.section	.text.MyIsrCWEW,"ax",%progbits
  64              		.align	2
ARM GAS  C:\Users\thieu\AppData\Local\Temp\ccAZqC1a.s 			page 3


  65              		.global	MyIsrCWEW
  66              		.thumb
  67              		.thumb_func
  68              		.type	MyIsrCWEW, %function
  69              	MyIsrCWEW:
  70              	.LFB65:
  47:main.c        **** 
  48:main.c        **** static uint8_t fCWEW_Isr = 0;   //!< flag CW EW button isr, visible within main.c
  49:main.c        **** /** 
  50:main.c        ****  * Interrupt isr_CWSN for button Pin_CWSN interrupt service routine.
  51:main.c        ****  *
  52:main.c        ****  * @see fCWEW_Isr
  53:main.c        ****  */
  54:main.c        **** CY_ISR( MyIsrCWEW ) {
  71              		.loc 1 54 0
  72              		.cfi_startproc
  73              		@ args = 0, pretend = 0, frame = 0
  74              		@ frame_needed = 1, uses_anonymous_args = 0
  75 0000 80B5     		push	{r7, lr}
  76              		.cfi_def_cfa_offset 8
  77              		.cfi_offset 7, -8
  78              		.cfi_offset 14, -4
  79 0002 00AF     		add	r7, sp, #0
  80              		.cfi_def_cfa_register 7
  55:main.c        ****     /* Clear Interrupt first ! */
  56:main.c        ****     Pin_CWEW_ClearInterrupt();
  81              		.loc 1 56 0
  82 0004 FFF7FEFF 		bl	Pin_CWEW_ClearInterrupt
  57:main.c        ****     fCWEW_Isr = 1;              // set flag
  83              		.loc 1 57 0
  84 0008 024B     		ldr	r3, .L5
  85 000a 0122     		movs	r2, #1
  86 000c 1A70     		strb	r2, [r3]
  58:main.c        **** }
  87              		.loc 1 58 0
  88 000e 00BF     		nop
  89 0010 80BD     		pop	{r7, pc}
  90              	.L6:
  91 0012 00BF     		.align	2
  92              	.L5:
  93 0014 81000000 		.word	fCWEW_Isr
  94              		.cfi_endproc
  95              	.LFE65:
  96              		.size	MyIsrCWEW, .-MyIsrCWEW
  97              		.section	.text.IsrAppClk,"ax",%progbits
  98              		.align	2
  99              		.global	IsrAppClk
 100              		.thumb
 101              		.thumb_func
 102              		.type	IsrAppClk, %function
 103              	IsrAppClk:
 104              	.LFB66:
  59:main.c        **** 
  60:main.c        **** /** 
  61:main.c        ****  * Application clock interrupt service routine for isr_Clk
  62:main.c        ****  *
  63:main.c        ****  * @see fClock
ARM GAS  C:\Users\thieu\AppData\Local\Temp\ccAZqC1a.s 			page 4


  64:main.c        ****  */
  65:main.c        **** CY_ISR( IsrAppClk ) {
 105              		.loc 1 65 0
 106              		.cfi_startproc
 107              		@ args = 0, pretend = 0, frame = 0
 108              		@ frame_needed = 1, uses_anonymous_args = 0
 109              		@ link register save eliminated.
 110 0000 80B4     		push	{r7}
 111              		.cfi_def_cfa_offset 4
 112              		.cfi_offset 7, -4
 113 0002 00AF     		add	r7, sp, #0
 114              		.cfi_def_cfa_register 7
  66:main.c        ****     // TODO: implementieren
  67:main.c        **** }
 115              		.loc 1 67 0
 116 0004 00BF     		nop
 117 0006 BD46     		mov	sp, r7
 118              		.cfi_def_cfa_register 13
 119              		@ sp needed
 120 0008 80BC     		pop	{r7}
 121              		.cfi_restore 7
 122              		.cfi_def_cfa_offset 0
 123 000a 7047     		bx	lr
 124              		.cfi_endproc
 125              	.LFE66:
 126              		.size	IsrAppClk, .-IsrAppClk
 127              		.section	.rodata
 128              		.align	2
 129              	.LC0:
 130 0000 4D50535F 		.ascii	"MPS_W22_Prakt_2, FreeSoC2, PSoC 5LP, ver. 1.0\012\015"
 130      5732325F 
 130      5072616B 
 130      745F322C 
 130      20467265 
 131 002f 416E6E65 		.ascii	"Anne Stesi, Imo Biel (Template MPS 3), Nov 28 2022 "
 131      20537465 
 131      73692C20 
 131      496D6F20 
 131      4269656C 
 132 0062 30393A31 		.ascii	"09:19:54\000"
 132      393A3534 
 132      00
 133 006b 00       		.align	2
 134              	.LC1:
 135 006c 0A0D5765 		.ascii	"\012\015Welcome! %s\012\015\000"
 135      6C636F6D 
 135      65212025 
 135      730A0D00 
 136              		.align	2
 137              	.LC2:
 138 007c 4D656E75 		.ascii	"Menu-Beispiel: Taste 'm' gedrueckt\012\015\000"
 138      2D426569 
 138      73706965 
 138      6C3A2054 
 138      61737465 
 139              		.section	.text.main,"ax",%progbits
 140              		.align	2
ARM GAS  C:\Users\thieu\AppData\Local\Temp\ccAZqC1a.s 			page 5


 141              		.global	main
 142              		.thumb
 143              		.thumb_func
 144              		.type	main, %function
 145              	main:
 146              	.LFB67:
  68:main.c        **** 
  69:main.c        **** 
  70:main.c        **** /**
  71:main.c        ****  * Basisprojekt mit UART mit Interrupt, User Button mit Interrupt und Statusabfrage. 
  72:main.c        ****  * Pin-I/O Einfache Eingabe mit Button, Ausgabe mit LED
  73:main.c        ****  * für FreeSoC2
  74:main.c        ****  * 
  75:main.c        ****  * @author Ralf S. Mayer
  76:main.c        ****  * @date 2022-11-13
  77:main.c        ****  * @version 1.0
  78:main.c        ****  */
  79:main.c        **** int main(void)
  80:main.c        **** {
 147              		.loc 1 80 0
 148              		.cfi_startproc
 149              		@ args = 0, pretend = 0, frame = 8
 150              		@ frame_needed = 1, uses_anonymous_args = 0
 151 0000 80B5     		push	{r7, lr}
 152              		.cfi_def_cfa_offset 8
 153              		.cfi_offset 7, -8
 154              		.cfi_offset 14, -4
 155 0002 82B0     		sub	sp, sp, #8
 156              		.cfi_def_cfa_offset 16
 157 0004 00AF     		add	r7, sp, #0
 158              		.cfi_def_cfa_register 7
  81:main.c        ****     /* Initialize and start UART, register ISR */
  82:main.c        ****     UART_Start();                       // start UART
 159              		.loc 1 82 0
 160 0006 FFF7FEFF 		bl	UART_Start
  83:main.c        ****     isr_UART_RX_StartEx( MyIsrUartRX ); // register ISR, enable itr uart
 161              		.loc 1 83 0
 162 000a 1A48     		ldr	r0, .L16
 163 000c FFF7FEFF 		bl	isr_UART_RX_StartEx
  84:main.c        **** 
  85:main.c        ****     /* Initialize and start MyIsrCWEW, register ISR */
  86:main.c        ****     isr_CWEW_StartEx( MyIsrCWEW );      // register CWEW itr
 164              		.loc 1 86 0
 165 0010 1948     		ldr	r0, .L16+4
 166 0012 FFF7FEFF 		bl	isr_CWEW_StartEx
  87:main.c        ****     Pin_CWEW_ClearInterrupt();          // clear eventual interrupt
 167              		.loc 1 87 0
 168 0016 FFF7FEFF 		bl	Pin_CWEW_ClearInterrupt
  88:main.c        ****     isr_CWEW_ClearPending();            // clear eventual pending interrupt
 169              		.loc 1 88 0
 170 001a FFF7FEFF 		bl	isr_CWEW_ClearPending
  89:main.c        ****     
  90:main.c        ****     isr_Clk_StartEx( IsrAppClk );       // register application clock
 171              		.loc 1 90 0
 172 001e 1748     		ldr	r0, .L16+8
 173 0020 FFF7FEFF 		bl	isr_Clk_StartEx
  91:main.c        ****     
ARM GAS  C:\Users\thieu\AppData\Local\Temp\ccAZqC1a.s 			page 6


  92:main.c        ****     CyGlobalIntEnable; /* Enable global interrupts. */
 174              		.loc 1 92 0
 175              		.syntax unified
 176              	@ 92 "main.c" 1
 177 0024 62B6     		CPSIE   i
 178              	@ 0 "" 2
  93:main.c        **** 
  94:main.c        ****     /* Welcome and info text Ausgabe */
  95:main.c        ****     sprintf( buffer, "\n\rWelcome! %s\n\r", _VERSTR_);  // formatiert in Buffer
 179              		.loc 1 95 0
 180              		.thumb
 181              		.syntax unified
 182 0026 164A     		ldr	r2, .L16+12
 183 0028 1649     		ldr	r1, .L16+16
 184 002a 1748     		ldr	r0, .L16+20
 185 002c FFF7FEFF 		bl	sprintf
  96:main.c        ****     UART_PutString( buffer );                           // Ausgabe auf UART
 186              		.loc 1 96 0
 187 0030 1548     		ldr	r0, .L16+20
 188 0032 FFF7FEFF 		bl	UART_PutString
 189              	.L13:
  97:main.c        **** 
  98:main.c        ****     // Applikationsschleife
  99:main.c        ****     for(;;)
 100:main.c        ****     {
 101:main.c        **** 
 102:main.c        ****         /* 
 103:main.c        ****          * Character aus Uart ISR abfragen 
 104:main.c        ****          * Beipsiel für einfache Menuesteuerung
 105:main.c        ****          * Achtung: Für UART in diesem Programm ist ein zusätzlicher FTDI USB-TTL-Adapter notwend
 106:main.c        ****          */
 107:main.c        ****         if ( cRx ) {
 190              		.loc 1 107 0
 191 0036 154B     		ldr	r3, .L16+24
 192 0038 1B78     		ldrb	r3, [r3]	@ zero_extendqisi2
 193 003a 002B     		cmp	r3, #0
 194 003c FBD0     		beq	.L13
 195              	.LBB2:
 108:main.c        ****             char c = cRx;   // copy char
 196              		.loc 1 108 0
 197 003e 134B     		ldr	r3, .L16+24
 198 0040 1B78     		ldrb	r3, [r3]
 199 0042 FB71     		strb	r3, [r7, #7]
 109:main.c        ****             cRx = 0;        // nicht vergessen!!! Warum?
 200              		.loc 1 109 0
 201 0044 114B     		ldr	r3, .L16+24
 202 0046 0022     		movs	r2, #0
 203 0048 1A70     		strb	r2, [r3]
 110:main.c        ****             // +++ Menuesteuerung +++
 111:main.c        ****             switch ( c ) {
 204              		.loc 1 111 0
 205 004a FB79     		ldrb	r3, [r7, #7]	@ zero_extendqisi2
 206 004c 6D2B     		cmp	r3, #109
 207 004e 06D0     		beq	.L11
 208 0050 712B     		cmp	r3, #113
 209 0052 01D0     		beq	.L12
 210 0054 512B     		cmp	r3, #81
ARM GAS  C:\Users\thieu\AppData\Local\Temp\ccAZqC1a.s 			page 7


 211 0056 06D1     		bne	.L15
 212              	.L12:
 112:main.c        ****                 // Software reset, startet Programm neu
 113:main.c        ****                 case 'q':
 114:main.c        ****                 case 'Q':   // fallthrough
 115:main.c        ****                     CySoftwareReset();
 213              		.loc 1 115 0
 214 0058 FFF7FEFF 		bl	CySoftwareReset
 116:main.c        ****                     break;
 215              		.loc 1 116 0
 216 005c 08E0     		b	.L14
 217              	.L11:
 117:main.c        ****                 case 'm':   // so könnte man etwas steuern über die Konsole
 118:main.c        ****                     UART_PutString( "Menu-Beispiel: Taste 'm' gedrueckt\n\r" );
 218              		.loc 1 118 0
 219 005e 0C48     		ldr	r0, .L16+28
 220 0060 FFF7FEFF 		bl	UART_PutString
 119:main.c        ****                     break;
 221              		.loc 1 119 0
 222 0064 04E0     		b	.L14
 223              	.L15:
 120:main.c        ****                  
 121:main.c        ****                 // ... und so weiter ...
 122:main.c        ****                 default:
 123:main.c        ****                     UART_PutChar( c );    // Buchstabe auf Bildschirm ausgeben ...
 224              		.loc 1 123 0
 225 0066 FB79     		ldrb	r3, [r7, #7]	@ zero_extendqisi2
 226 0068 1846     		mov	r0, r3
 227 006a FFF7FEFF 		bl	UART_PutChar
 124:main.c        ****                                           // ... falls nicht vom Menue behandelt
 125:main.c        ****                     break;
 228              		.loc 1 125 0
 229 006e 00BF     		nop
 230              	.L14:
 231              	.LBE2:
 126:main.c        ****             }  // end switch          
 127:main.c        ****         } // end if cRx
 128:main.c        ****         
 129:main.c        ****         /*
 130:main.c        ****          * count loops in 1 sec
 131:main.c        ****          */
 132:main.c        ****         // TODO
 133:main.c        **** 
 134:main.c        ****         // Behandlung Button-Ereignis aus ISR
 135:main.c        ****         if ( fCWEW_Isr ) {
 136:main.c        ****             // TODO: implementieren und LED Pin_E_CW toggeln!
 137:main.c        ****         }
 138:main.c        ****                 
 139:main.c        ****     } // end for
 232              		.loc 1 139 0
 233 0070 E1E7     		b	.L13
 234              	.L17:
 235 0072 00BF     		.align	2
 236              	.L16:
 237 0074 00000000 		.word	MyIsrUartRX
 238 0078 00000000 		.word	MyIsrCWEW
 239 007c 00000000 		.word	IsrAppClk
ARM GAS  C:\Users\thieu\AppData\Local\Temp\ccAZqC1a.s 			page 8


 240 0080 00000000 		.word	.LC0
 241 0084 6C000000 		.word	.LC1
 242 0088 00000000 		.word	buffer
 243 008c 80000000 		.word	cRx
 244 0090 7C000000 		.word	.LC2
 245              		.cfi_endproc
 246              	.LFE67:
 247              		.size	main, .-main
 248              		.text
 249              	.Letext0:
 250              		.file 2 "e:\\psoc creator\\psoc creator\\4.4\\psoc creator\\import\\gnu\\arm\\5.4.1\\arm-none-eabi
 251              		.file 3 "e:\\psoc creator\\psoc creator\\4.4\\psoc creator\\import\\gnu\\arm\\5.4.1\\arm-none-eabi
 252              		.file 4 "Generated_Source\\PSoC5/core_cm3.h"
 253              		.section	.debug_info,"",%progbits
 254              	.Ldebug_info0:
 255 0000 6E010000 		.4byte	0x16e
 256 0004 0400     		.2byte	0x4
 257 0006 00000000 		.4byte	.Ldebug_abbrev0
 258 000a 04       		.byte	0x4
 259 000b 01       		.uleb128 0x1
 260 000c 0A000000 		.4byte	.LASF23
 261 0010 0C       		.byte	0xc
 262 0011 83010000 		.4byte	.LASF24
 263 0015 AC000000 		.4byte	.LASF25
 264 0019 00000000 		.4byte	.Ldebug_ranges0+0
 265 001d 00000000 		.4byte	0
 266 0021 00000000 		.4byte	.Ldebug_line0
 267 0025 02       		.uleb128 0x2
 268 0026 01       		.byte	0x1
 269 0027 06       		.byte	0x6
 270 0028 BF010000 		.4byte	.LASF0
 271 002c 03       		.uleb128 0x3
 272 002d 00000000 		.4byte	.LASF4
 273 0031 02       		.byte	0x2
 274 0032 1D       		.byte	0x1d
 275 0033 37000000 		.4byte	0x37
 276 0037 02       		.uleb128 0x2
 277 0038 01       		.byte	0x1
 278 0039 08       		.byte	0x8
 279 003a E2000000 		.4byte	.LASF1
 280 003e 02       		.uleb128 0x2
 281 003f 02       		.byte	0x2
 282 0040 05       		.byte	0x5
 283 0041 8F010000 		.4byte	.LASF2
 284 0045 02       		.uleb128 0x2
 285 0046 02       		.byte	0x2
 286 0047 07       		.byte	0x7
 287 0048 02010000 		.4byte	.LASF3
 288 004c 03       		.uleb128 0x3
 289 004d 98000000 		.4byte	.LASF5
 290 0051 02       		.byte	0x2
 291 0052 3F       		.byte	0x3f
 292 0053 57000000 		.4byte	0x57
 293 0057 02       		.uleb128 0x2
 294 0058 04       		.byte	0x4
 295 0059 05       		.byte	0x5
 296 005a AA010000 		.4byte	.LASF6
ARM GAS  C:\Users\thieu\AppData\Local\Temp\ccAZqC1a.s 			page 9


 297 005e 02       		.uleb128 0x2
 298 005f 04       		.byte	0x4
 299 0060 07       		.byte	0x7
 300 0061 F0000000 		.4byte	.LASF7
 301 0065 02       		.uleb128 0x2
 302 0066 08       		.byte	0x8
 303 0067 05       		.byte	0x5
 304 0068 75010000 		.4byte	.LASF8
 305 006c 02       		.uleb128 0x2
 306 006d 08       		.byte	0x8
 307 006e 07       		.byte	0x7
 308 006f 45010000 		.4byte	.LASF9
 309 0073 04       		.uleb128 0x4
 310 0074 04       		.byte	0x4
 311 0075 05       		.byte	0x5
 312 0076 696E7400 		.ascii	"int\000"
 313 007a 02       		.uleb128 0x2
 314 007b 04       		.byte	0x4
 315 007c 07       		.byte	0x7
 316 007d 38010000 		.4byte	.LASF10
 317 0081 03       		.uleb128 0x3
 318 0082 5C010000 		.4byte	.LASF11
 319 0086 03       		.byte	0x3
 320 0087 18       		.byte	0x18
 321 0088 2C000000 		.4byte	0x2c
 322 008c 03       		.uleb128 0x3
 323 008d 64010000 		.4byte	.LASF12
 324 0091 03       		.byte	0x3
 325 0092 2C       		.byte	0x2c
 326 0093 4C000000 		.4byte	0x4c
 327 0097 02       		.uleb128 0x2
 328 0098 04       		.byte	0x4
 329 0099 04       		.byte	0x4
 330 009a D0000000 		.4byte	.LASF13
 331 009e 02       		.uleb128 0x2
 332 009f 08       		.byte	0x8
 333 00a0 04       		.byte	0x4
 334 00a1 22010000 		.4byte	.LASF14
 335 00a5 02       		.uleb128 0x2
 336 00a6 01       		.byte	0x1
 337 00a7 08       		.byte	0x8
 338 00a8 8A010000 		.4byte	.LASF15
 339 00ac 02       		.uleb128 0x2
 340 00ad 08       		.byte	0x8
 341 00ae 04       		.byte	0x4
 342 00af B3010000 		.4byte	.LASF16
 343 00b3 02       		.uleb128 0x2
 344 00b4 04       		.byte	0x4
 345 00b5 07       		.byte	0x7
 346 00b6 6C010000 		.4byte	.LASF17
 347 00ba 05       		.uleb128 0x5
 348 00bb D6000000 		.4byte	.LASF18
 349 00bf 01       		.byte	0x1
 350 00c0 2C       		.byte	0x2c
 351 00c1 00000000 		.4byte	.LFB64
 352 00c5 18000000 		.4byte	.LFE64-.LFB64
 353 00c9 01       		.uleb128 0x1
ARM GAS  C:\Users\thieu\AppData\Local\Temp\ccAZqC1a.s 			page 10


 354 00ca 9C       		.byte	0x9c
 355 00cb 05       		.uleb128 0x5
 356 00cc A0010000 		.4byte	.LASF19
 357 00d0 01       		.byte	0x1
 358 00d1 36       		.byte	0x36
 359 00d2 00000000 		.4byte	.LFB65
 360 00d6 18000000 		.4byte	.LFE65-.LFB65
 361 00da 01       		.uleb128 0x1
 362 00db 9C       		.byte	0x9c
 363 00dc 06       		.uleb128 0x6
 364 00dd A2000000 		.4byte	.LASF20
 365 00e1 01       		.byte	0x1
 366 00e2 41       		.byte	0x41
 367 00e3 00000000 		.4byte	.LFB66
 368 00e7 0C000000 		.4byte	.LFE66-.LFB66
 369 00eb 01       		.uleb128 0x1
 370 00ec 9C       		.byte	0x9c
 371 00ed 07       		.uleb128 0x7
 372 00ee 33010000 		.4byte	.LASF26
 373 00f2 01       		.byte	0x1
 374 00f3 4F       		.byte	0x4f
 375 00f4 73000000 		.4byte	0x73
 376 00f8 00000000 		.4byte	.LFB67
 377 00fc 94000000 		.4byte	.LFE67-.LFB67
 378 0100 01       		.uleb128 0x1
 379 0101 9C       		.byte	0x9c
 380 0102 1D010000 		.4byte	0x11d
 381 0106 08       		.uleb128 0x8
 382 0107 3E000000 		.4byte	.LBB2
 383 010b 32000000 		.4byte	.LBE2-.LBB2
 384 010f 09       		.uleb128 0x9
 385 0110 6300     		.ascii	"c\000"
 386 0112 01       		.byte	0x1
 387 0113 6C       		.byte	0x6c
 388 0114 A5000000 		.4byte	0xa5
 389 0118 02       		.uleb128 0x2
 390 0119 91       		.byte	0x91
 391 011a 77       		.sleb128 -9
 392 011b 00       		.byte	0
 393 011c 00       		.byte	0
 394 011d 0A       		.uleb128 0xa
 395 011e A5000000 		.4byte	0xa5
 396 0122 2D010000 		.4byte	0x12d
 397 0126 0B       		.uleb128 0xb
 398 0127 B3000000 		.4byte	0xb3
 399 012b 7F       		.byte	0x7f
 400 012c 00       		.byte	0
 401 012d 0C       		.uleb128 0xc
 402 012e 99010000 		.4byte	.LASF21
 403 0132 01       		.byte	0x1
 404 0133 23       		.byte	0x23
 405 0134 1D010000 		.4byte	0x11d
 406 0138 05       		.uleb128 0x5
 407 0139 03       		.byte	0x3
 408 013a 00000000 		.4byte	buffer
 409 013e 09       		.uleb128 0x9
 410 013f 63527800 		.ascii	"cRx\000"
ARM GAS  C:\Users\thieu\AppData\Local\Temp\ccAZqC1a.s 			page 11


 411 0143 01       		.byte	0x1
 412 0144 25       		.byte	0x25
 413 0145 A5000000 		.4byte	0xa5
 414 0149 05       		.uleb128 0x5
 415 014a 03       		.byte	0x3
 416 014b 80000000 		.4byte	cRx
 417 014f 0C       		.uleb128 0xc
 418 0150 29010000 		.4byte	.LASF22
 419 0154 01       		.byte	0x1
 420 0155 30       		.byte	0x30
 421 0156 81000000 		.4byte	0x81
 422 015a 05       		.uleb128 0x5
 423 015b 03       		.byte	0x3
 424 015c 81000000 		.4byte	fCWEW_Isr
 425 0160 0D       		.uleb128 0xd
 426 0161 15010000 		.4byte	.LASF27
 427 0165 04       		.byte	0x4
 428 0166 1207     		.2byte	0x712
 429 0168 6C010000 		.4byte	0x16c
 430 016c 0E       		.uleb128 0xe
 431 016d 8C000000 		.4byte	0x8c
 432 0171 00       		.byte	0
 433              		.section	.debug_abbrev,"",%progbits
 434              	.Ldebug_abbrev0:
 435 0000 01       		.uleb128 0x1
 436 0001 11       		.uleb128 0x11
 437 0002 01       		.byte	0x1
 438 0003 25       		.uleb128 0x25
 439 0004 0E       		.uleb128 0xe
 440 0005 13       		.uleb128 0x13
 441 0006 0B       		.uleb128 0xb
 442 0007 03       		.uleb128 0x3
 443 0008 0E       		.uleb128 0xe
 444 0009 1B       		.uleb128 0x1b
 445 000a 0E       		.uleb128 0xe
 446 000b 55       		.uleb128 0x55
 447 000c 17       		.uleb128 0x17
 448 000d 11       		.uleb128 0x11
 449 000e 01       		.uleb128 0x1
 450 000f 10       		.uleb128 0x10
 451 0010 17       		.uleb128 0x17
 452 0011 00       		.byte	0
 453 0012 00       		.byte	0
 454 0013 02       		.uleb128 0x2
 455 0014 24       		.uleb128 0x24
 456 0015 00       		.byte	0
 457 0016 0B       		.uleb128 0xb
 458 0017 0B       		.uleb128 0xb
 459 0018 3E       		.uleb128 0x3e
 460 0019 0B       		.uleb128 0xb
 461 001a 03       		.uleb128 0x3
 462 001b 0E       		.uleb128 0xe
 463 001c 00       		.byte	0
 464 001d 00       		.byte	0
 465 001e 03       		.uleb128 0x3
 466 001f 16       		.uleb128 0x16
 467 0020 00       		.byte	0
ARM GAS  C:\Users\thieu\AppData\Local\Temp\ccAZqC1a.s 			page 12


 468 0021 03       		.uleb128 0x3
 469 0022 0E       		.uleb128 0xe
 470 0023 3A       		.uleb128 0x3a
 471 0024 0B       		.uleb128 0xb
 472 0025 3B       		.uleb128 0x3b
 473 0026 0B       		.uleb128 0xb
 474 0027 49       		.uleb128 0x49
 475 0028 13       		.uleb128 0x13
 476 0029 00       		.byte	0
 477 002a 00       		.byte	0
 478 002b 04       		.uleb128 0x4
 479 002c 24       		.uleb128 0x24
 480 002d 00       		.byte	0
 481 002e 0B       		.uleb128 0xb
 482 002f 0B       		.uleb128 0xb
 483 0030 3E       		.uleb128 0x3e
 484 0031 0B       		.uleb128 0xb
 485 0032 03       		.uleb128 0x3
 486 0033 08       		.uleb128 0x8
 487 0034 00       		.byte	0
 488 0035 00       		.byte	0
 489 0036 05       		.uleb128 0x5
 490 0037 2E       		.uleb128 0x2e
 491 0038 00       		.byte	0
 492 0039 3F       		.uleb128 0x3f
 493 003a 19       		.uleb128 0x19
 494 003b 03       		.uleb128 0x3
 495 003c 0E       		.uleb128 0xe
 496 003d 3A       		.uleb128 0x3a
 497 003e 0B       		.uleb128 0xb
 498 003f 3B       		.uleb128 0x3b
 499 0040 0B       		.uleb128 0xb
 500 0041 27       		.uleb128 0x27
 501 0042 19       		.uleb128 0x19
 502 0043 11       		.uleb128 0x11
 503 0044 01       		.uleb128 0x1
 504 0045 12       		.uleb128 0x12
 505 0046 06       		.uleb128 0x6
 506 0047 40       		.uleb128 0x40
 507 0048 18       		.uleb128 0x18
 508 0049 9642     		.uleb128 0x2116
 509 004b 19       		.uleb128 0x19
 510 004c 00       		.byte	0
 511 004d 00       		.byte	0
 512 004e 06       		.uleb128 0x6
 513 004f 2E       		.uleb128 0x2e
 514 0050 00       		.byte	0
 515 0051 3F       		.uleb128 0x3f
 516 0052 19       		.uleb128 0x19
 517 0053 03       		.uleb128 0x3
 518 0054 0E       		.uleb128 0xe
 519 0055 3A       		.uleb128 0x3a
 520 0056 0B       		.uleb128 0xb
 521 0057 3B       		.uleb128 0x3b
 522 0058 0B       		.uleb128 0xb
 523 0059 27       		.uleb128 0x27
 524 005a 19       		.uleb128 0x19
ARM GAS  C:\Users\thieu\AppData\Local\Temp\ccAZqC1a.s 			page 13


 525 005b 11       		.uleb128 0x11
 526 005c 01       		.uleb128 0x1
 527 005d 12       		.uleb128 0x12
 528 005e 06       		.uleb128 0x6
 529 005f 40       		.uleb128 0x40
 530 0060 18       		.uleb128 0x18
 531 0061 9742     		.uleb128 0x2117
 532 0063 19       		.uleb128 0x19
 533 0064 00       		.byte	0
 534 0065 00       		.byte	0
 535 0066 07       		.uleb128 0x7
 536 0067 2E       		.uleb128 0x2e
 537 0068 01       		.byte	0x1
 538 0069 3F       		.uleb128 0x3f
 539 006a 19       		.uleb128 0x19
 540 006b 03       		.uleb128 0x3
 541 006c 0E       		.uleb128 0xe
 542 006d 3A       		.uleb128 0x3a
 543 006e 0B       		.uleb128 0xb
 544 006f 3B       		.uleb128 0x3b
 545 0070 0B       		.uleb128 0xb
 546 0071 27       		.uleb128 0x27
 547 0072 19       		.uleb128 0x19
 548 0073 49       		.uleb128 0x49
 549 0074 13       		.uleb128 0x13
 550 0075 11       		.uleb128 0x11
 551 0076 01       		.uleb128 0x1
 552 0077 12       		.uleb128 0x12
 553 0078 06       		.uleb128 0x6
 554 0079 40       		.uleb128 0x40
 555 007a 18       		.uleb128 0x18
 556 007b 9642     		.uleb128 0x2116
 557 007d 19       		.uleb128 0x19
 558 007e 01       		.uleb128 0x1
 559 007f 13       		.uleb128 0x13
 560 0080 00       		.byte	0
 561 0081 00       		.byte	0
 562 0082 08       		.uleb128 0x8
 563 0083 0B       		.uleb128 0xb
 564 0084 01       		.byte	0x1
 565 0085 11       		.uleb128 0x11
 566 0086 01       		.uleb128 0x1
 567 0087 12       		.uleb128 0x12
 568 0088 06       		.uleb128 0x6
 569 0089 00       		.byte	0
 570 008a 00       		.byte	0
 571 008b 09       		.uleb128 0x9
 572 008c 34       		.uleb128 0x34
 573 008d 00       		.byte	0
 574 008e 03       		.uleb128 0x3
 575 008f 08       		.uleb128 0x8
 576 0090 3A       		.uleb128 0x3a
 577 0091 0B       		.uleb128 0xb
 578 0092 3B       		.uleb128 0x3b
 579 0093 0B       		.uleb128 0xb
 580 0094 49       		.uleb128 0x49
 581 0095 13       		.uleb128 0x13
ARM GAS  C:\Users\thieu\AppData\Local\Temp\ccAZqC1a.s 			page 14


 582 0096 02       		.uleb128 0x2
 583 0097 18       		.uleb128 0x18
 584 0098 00       		.byte	0
 585 0099 00       		.byte	0
 586 009a 0A       		.uleb128 0xa
 587 009b 01       		.uleb128 0x1
 588 009c 01       		.byte	0x1
 589 009d 49       		.uleb128 0x49
 590 009e 13       		.uleb128 0x13
 591 009f 01       		.uleb128 0x1
 592 00a0 13       		.uleb128 0x13
 593 00a1 00       		.byte	0
 594 00a2 00       		.byte	0
 595 00a3 0B       		.uleb128 0xb
 596 00a4 21       		.uleb128 0x21
 597 00a5 00       		.byte	0
 598 00a6 49       		.uleb128 0x49
 599 00a7 13       		.uleb128 0x13
 600 00a8 2F       		.uleb128 0x2f
 601 00a9 0B       		.uleb128 0xb
 602 00aa 00       		.byte	0
 603 00ab 00       		.byte	0
 604 00ac 0C       		.uleb128 0xc
 605 00ad 34       		.uleb128 0x34
 606 00ae 00       		.byte	0
 607 00af 03       		.uleb128 0x3
 608 00b0 0E       		.uleb128 0xe
 609 00b1 3A       		.uleb128 0x3a
 610 00b2 0B       		.uleb128 0xb
 611 00b3 3B       		.uleb128 0x3b
 612 00b4 0B       		.uleb128 0xb
 613 00b5 49       		.uleb128 0x49
 614 00b6 13       		.uleb128 0x13
 615 00b7 02       		.uleb128 0x2
 616 00b8 18       		.uleb128 0x18
 617 00b9 00       		.byte	0
 618 00ba 00       		.byte	0
 619 00bb 0D       		.uleb128 0xd
 620 00bc 34       		.uleb128 0x34
 621 00bd 00       		.byte	0
 622 00be 03       		.uleb128 0x3
 623 00bf 0E       		.uleb128 0xe
 624 00c0 3A       		.uleb128 0x3a
 625 00c1 0B       		.uleb128 0xb
 626 00c2 3B       		.uleb128 0x3b
 627 00c3 05       		.uleb128 0x5
 628 00c4 49       		.uleb128 0x49
 629 00c5 13       		.uleb128 0x13
 630 00c6 3F       		.uleb128 0x3f
 631 00c7 19       		.uleb128 0x19
 632 00c8 3C       		.uleb128 0x3c
 633 00c9 19       		.uleb128 0x19
 634 00ca 00       		.byte	0
 635 00cb 00       		.byte	0
 636 00cc 0E       		.uleb128 0xe
 637 00cd 35       		.uleb128 0x35
 638 00ce 00       		.byte	0
ARM GAS  C:\Users\thieu\AppData\Local\Temp\ccAZqC1a.s 			page 15


 639 00cf 49       		.uleb128 0x49
 640 00d0 13       		.uleb128 0x13
 641 00d1 00       		.byte	0
 642 00d2 00       		.byte	0
 643 00d3 00       		.byte	0
 644              		.section	.debug_aranges,"",%progbits
 645 0000 34000000 		.4byte	0x34
 646 0004 0200     		.2byte	0x2
 647 0006 00000000 		.4byte	.Ldebug_info0
 648 000a 04       		.byte	0x4
 649 000b 00       		.byte	0
 650 000c 0000     		.2byte	0
 651 000e 0000     		.2byte	0
 652 0010 00000000 		.4byte	.LFB64
 653 0014 18000000 		.4byte	.LFE64-.LFB64
 654 0018 00000000 		.4byte	.LFB65
 655 001c 18000000 		.4byte	.LFE65-.LFB65
 656 0020 00000000 		.4byte	.LFB66
 657 0024 0C000000 		.4byte	.LFE66-.LFB66
 658 0028 00000000 		.4byte	.LFB67
 659 002c 94000000 		.4byte	.LFE67-.LFB67
 660 0030 00000000 		.4byte	0
 661 0034 00000000 		.4byte	0
 662              		.section	.debug_ranges,"",%progbits
 663              	.Ldebug_ranges0:
 664 0000 00000000 		.4byte	.LFB64
 665 0004 18000000 		.4byte	.LFE64
 666 0008 00000000 		.4byte	.LFB65
 667 000c 18000000 		.4byte	.LFE65
 668 0010 00000000 		.4byte	.LFB66
 669 0014 0C000000 		.4byte	.LFE66
 670 0018 00000000 		.4byte	.LFB67
 671 001c 94000000 		.4byte	.LFE67
 672 0020 00000000 		.4byte	0
 673 0024 00000000 		.4byte	0
 674              		.section	.debug_line,"",%progbits
 675              	.Ldebug_line0:
 676 0000 83010000 		.section	.debug_str,"MS",%progbits,1
 676      02002101 
 676      00000201 
 676      FB0E0D00 
 676      01010101 
 677              	.LASF4:
 678 0000 5F5F7569 		.ascii	"__uint8_t\000"
 678      6E74385F 
 678      7400
 679              	.LASF23:
 680 000a 474E5520 		.ascii	"GNU C11 5.4.1 20160609 (release) [ARM/embedded-5-br"
 680      43313120 
 680      352E342E 
 680      31203230 
 680      31363036 
 681 003d 616E6368 		.ascii	"anch revision 237715] -mcpu=cortex-m3 -mthumb -g -O"
 681      20726576 
 681      6973696F 
 681      6E203233 
 681      37373135 
ARM GAS  C:\Users\thieu\AppData\Local\Temp\ccAZqC1a.s 			page 16


 682 0070 30202D66 		.ascii	"0 -ffunction-sections -ffat-lto-objects\000"
 682      66756E63 
 682      74696F6E 
 682      2D736563 
 682      74696F6E 
 683              	.LASF5:
 684 0098 5F5F696E 		.ascii	"__int32_t\000"
 684      7433325F 
 684      7400
 685              	.LASF20:
 686 00a2 49737241 		.ascii	"IsrAppClk\000"
 686      7070436C 
 686      6B00
 687              	.LASF25:
 688 00ac 453A5C67 		.ascii	"E:\\github\\MPS\\MPS_W22_Prakt_2.cydsn\000"
 688      69746875 
 688      625C4D50 
 688      535C4D50 
 688      535F5732 
 689              	.LASF13:
 690 00d0 666C6F61 		.ascii	"float\000"
 690      7400
 691              	.LASF18:
 692 00d6 4D794973 		.ascii	"MyIsrUartRX\000"
 692      72556172 
 692      74525800 
 693              	.LASF1:
 694 00e2 756E7369 		.ascii	"unsigned char\000"
 694      676E6564 
 694      20636861 
 694      7200
 695              	.LASF7:
 696 00f0 6C6F6E67 		.ascii	"long unsigned int\000"
 696      20756E73 
 696      69676E65 
 696      6420696E 
 696      7400
 697              	.LASF3:
 698 0102 73686F72 		.ascii	"short unsigned int\000"
 698      7420756E 
 698      7369676E 
 698      65642069 
 698      6E7400
 699              	.LASF27:
 700 0115 49544D5F 		.ascii	"ITM_RxBuffer\000"
 700      52784275 
 700      66666572 
 700      00
 701              	.LASF14:
 702 0122 646F7562 		.ascii	"double\000"
 702      6C6500
 703              	.LASF22:
 704 0129 66435745 		.ascii	"fCWEW_Isr\000"
 704      575F4973 
 704      7200
 705              	.LASF26:
 706 0133 6D61696E 		.ascii	"main\000"
ARM GAS  C:\Users\thieu\AppData\Local\Temp\ccAZqC1a.s 			page 17


 706      00
 707              	.LASF10:
 708 0138 756E7369 		.ascii	"unsigned int\000"
 708      676E6564 
 708      20696E74 
 708      00
 709              	.LASF9:
 710 0145 6C6F6E67 		.ascii	"long long unsigned int\000"
 710      206C6F6E 
 710      6720756E 
 710      7369676E 
 710      65642069 
 711              	.LASF11:
 712 015c 75696E74 		.ascii	"uint8_t\000"
 712      385F7400 
 713              	.LASF12:
 714 0164 696E7433 		.ascii	"int32_t\000"
 714      325F7400 
 715              	.LASF17:
 716 016c 73697A65 		.ascii	"sizetype\000"
 716      74797065 
 716      00
 717              	.LASF8:
 718 0175 6C6F6E67 		.ascii	"long long int\000"
 718      206C6F6E 
 718      6720696E 
 718      7400
 719              	.LASF24:
 720 0183 6D61696E 		.ascii	"main.c\000"
 720      2E6300
 721              	.LASF15:
 722 018a 63686172 		.ascii	"char\000"
 722      00
 723              	.LASF2:
 724 018f 73686F72 		.ascii	"short int\000"
 724      7420696E 
 724      7400
 725              	.LASF21:
 726 0199 62756666 		.ascii	"buffer\000"
 726      657200
 727              	.LASF19:
 728 01a0 4D794973 		.ascii	"MyIsrCWEW\000"
 728      72435745 
 728      5700
 729              	.LASF6:
 730 01aa 6C6F6E67 		.ascii	"long int\000"
 730      20696E74 
 730      00
 731              	.LASF16:
 732 01b3 6C6F6E67 		.ascii	"long double\000"
 732      20646F75 
 732      626C6500 
 733              	.LASF0:
 734 01bf 7369676E 		.ascii	"signed char\000"
 734      65642063 
 734      68617200 
 735              		.ident	"GCC: (GNU Tools for ARM Embedded Processors) 5.4.1 20160609 (release) [ARM/embedded-5-bran
ARM GAS  C:\Users\thieu\AppData\Local\Temp\ccAZqC1a.s 			page 18


