Archive member included to satisfy reference by file (symbol)

.\CortexM3\ARM_GCC_541\Debug\MPS_W22_Prakt_3.a(PWM.o)
                              .\CortexM3\ARM_GCC_541\Debug\main.o (PWM_Start)
.\CortexM3\ARM_GCC_541\Debug\MPS_W22_Prakt_3.a(isr_UART_RX.o)
                              .\CortexM3\ARM_GCC_541\Debug\main.o (isr_UART_RX_StartEx)
.\CortexM3\ARM_GCC_541\Debug\MPS_W22_Prakt_3.a(Pin_E_CW.o)
                              .\CortexM3\ARM_GCC_541\Debug\HAL.o (Pin_E_CW_Write)
.\CortexM3\ARM_GCC_541\Debug\MPS_W22_Prakt_3.a(Pin_S_CW.o)
                              .\CortexM3\ARM_GCC_541\Debug\HAL.o (Pin_S_CW_Write)
.\CortexM3\ARM_GCC_541\Debug\MPS_W22_Prakt_3.a(isr_Clk.o)
                              .\CortexM3\ARM_GCC_541\Debug\main.o (isr_Clk_StartEx)
.\CortexM3\ARM_GCC_541\Debug\MPS_W22_Prakt_3.a(isr_CWEW.o)
                              .\CortexM3\ARM_GCC_541\Debug\main.o (isr_CWEW_StartEx)
.\CortexM3\ARM_GCC_541\Debug\MPS_W22_Prakt_3.a(Pin_CWEW.o)
                              .\CortexM3\ARM_GCC_541\Debug\main.o (Pin_CWEW_ClearInterrupt)
.\CortexM3\ARM_GCC_541\Debug\MPS_W22_Prakt_3.a(UART.o)
                              .\CortexM3\ARM_GCC_541\Debug\main.o (UART_Start)
.\CortexM3\ARM_GCC_541\Debug\MPS_W22_Prakt_3.a(Pin_W_G.o)
                              .\CortexM3\ARM_GCC_541\Debug\HAL.o (Pin_W_G_Write)
.\CortexM3\ARM_GCC_541\Debug\MPS_W22_Prakt_3.a(Pin_W_Y.o)
                              .\CortexM3\ARM_GCC_541\Debug\HAL.o (Pin_W_Y_Write)
.\CortexM3\ARM_GCC_541\Debug\MPS_W22_Prakt_3.a(Pin_W_R.o)
                              .\CortexM3\ARM_GCC_541\Debug\HAL.o (Pin_W_R_Write)
.\CortexM3\ARM_GCC_541\Debug\MPS_W22_Prakt_3.a(Pin_N_R.o)
                              .\CortexM3\ARM_GCC_541\Debug\HAL.o (Pin_N_R_Write)
.\CortexM3\ARM_GCC_541\Debug\MPS_W22_Prakt_3.a(Pin_N_Y.o)
                              .\CortexM3\ARM_GCC_541\Debug\HAL.o (Pin_N_Y_Write)
.\CortexM3\ARM_GCC_541\Debug\MPS_W22_Prakt_3.a(Pin_N_G.o)
                              .\CortexM3\ARM_GCC_541\Debug\HAL.o (Pin_N_G_Write)
.\CortexM3\ARM_GCC_541\Debug\MPS_W22_Prakt_3.a(Pin_S_G.o)
                              .\CortexM3\ARM_GCC_541\Debug\HAL.o (Pin_S_G_Write)
.\CortexM3\ARM_GCC_541\Debug\MPS_W22_Prakt_3.a(Pin_S_Y.o)
                              .\CortexM3\ARM_GCC_541\Debug\HAL.o (Pin_S_Y_Write)
.\CortexM3\ARM_GCC_541\Debug\MPS_W22_Prakt_3.a(Pin_S_R.o)
                              .\CortexM3\ARM_GCC_541\Debug\HAL.o (Pin_S_R_Write)
.\CortexM3\ARM_GCC_541\Debug\MPS_W22_Prakt_3.a(UART_IntClock.o)
                              .\CortexM3\ARM_GCC_541\Debug\MPS_W22_Prakt_3.a(UART.o) (UART_IntClock_Start)
.\CortexM3\ARM_GCC_541\Debug\MPS_W22_Prakt_3.a(CyLib.o)
                              .\CortexM3\ARM_GCC_541\Debug\Cm3Start.o (CyResetStatus)
.\CortexM3\ARM_GCC_541\Debug\MPS_W22_Prakt_3.a(cyPm.o)
                              .\CortexM3\ARM_GCC_541\Debug\MPS_W22_Prakt_3.a(CyLib.o) (CyPmReadStatus)
.\CortexM3\ARM_GCC_541\Debug\MPS_W22_Prakt_3.a(CyBootAsmGnu.o)
                              .\CortexM3\ARM_GCC_541\Debug\cyfitter_cfg.o (CyDelayCycles)
.\CortexM3\ARM_GCC_541\Debug\MPS_W22_Prakt_3.a(CyFlash.o)
                              .\CortexM3\ARM_GCC_541\Debug\MPS_W22_Prakt_3.a(cyPm.o) (CyFlash_SetWaitCycles)
.\CortexM3\ARM_GCC_541\Debug\MPS_W22_Prakt_3.a(CySpc.o)
                              .\CortexM3\ARM_GCC_541\Debug\MPS_W22_Prakt_3.a(CyFlash.o) (CySpcStart)
d:/tools/psoc creator/psoc creator/4.4/psoc creator/import/gnu/arm/5.4.1/bin/../lib/gcc/arm-none-eabi/5.4.1/../../../../arm-none-eabi/lib/armv7-m\libg_nano.a(lib_a-errno.o)
                              .\CortexM3\ARM_GCC_541\Debug\Cm3Start.o (__errno)
d:/tools/psoc creator/psoc creator/4.4/psoc creator/import/gnu/arm/5.4.1/bin/../lib/gcc/arm-none-eabi/5.4.1/../../../../arm-none-eabi/lib/armv7-m\libg_nano.a(lib_a-exit.o)
                              d:/tools/psoc creator/psoc creator/4.4/psoc creator/import/gnu/arm/5.4.1/bin/../lib/gcc/arm-none-eabi/5.4.1/../../../../arm-none-eabi/lib/armv7-m/crt0.o (exit)
d:/tools/psoc creator/psoc creator/4.4/psoc creator/import/gnu/arm/5.4.1/bin/../lib/gcc/arm-none-eabi/5.4.1/../../../../arm-none-eabi/lib/armv7-m\libg_nano.a(lib_a-impure.o)
                              d:/tools/psoc creator/psoc creator/4.4/psoc creator/import/gnu/arm/5.4.1/bin/../lib/gcc/arm-none-eabi/5.4.1/../../../../arm-none-eabi/lib/armv7-m\libg_nano.a(lib_a-exit.o) (_global_impure_ptr)
d:/tools/psoc creator/psoc creator/4.4/psoc creator/import/gnu/arm/5.4.1/bin/../lib/gcc/arm-none-eabi/5.4.1/../../../../arm-none-eabi/lib/armv7-m\libg_nano.a(lib_a-init.o)
                              d:/tools/psoc creator/psoc creator/4.4/psoc creator/import/gnu/arm/5.4.1/bin/../lib/gcc/arm-none-eabi/5.4.1/../../../../arm-none-eabi/lib/armv7-m/crt0.o (__libc_init_array)
d:/tools/psoc creator/psoc creator/4.4/psoc creator/import/gnu/arm/5.4.1/bin/../lib/gcc/arm-none-eabi/5.4.1/../../../../arm-none-eabi/lib/armv7-m\libg_nano.a(lib_a-memcpy-stub.o)
[...]
Memory Configuration

Name             Origin             Length             Attributes
rom              0x00000000         0x00040000         xr
ram              0x1fff8000         0x00010000         xrw
*default*        0x00000000         0xffffffff

Linker script and memory map

LOAD d:/tools/psoc creator/psoc creator/4.4/psoc creator/import/gnu/arm/5.4.1/bin/../lib/gcc/arm-none-eabi/5.4.1/armv7-m/crti.o
LOAD d:/tools/psoc creator/psoc creator/4.4/psoc creator/import/gnu/arm/5.4.1/bin/../lib/gcc/arm-none-eabi/5.4.1/armv7-m/crtbegin.o
LOAD d:/tools/psoc creator/psoc creator/4.4/psoc creator/import/gnu/arm/5.4.1/bin/../lib/gcc/arm-none-eabi/5.4.1/../../../../arm-none-eabi/lib/armv7-m/crt0.o
START GROUP
LOAD .\CortexM3\ARM_GCC_541\Debug\main.o
LOAD .\CortexM3\ARM_GCC_541\Debug\HAL.o
LOAD .\CortexM3\ARM_GCC_541\Debug\cyfitter_cfg.o
LOAD .\CortexM3\ARM_GCC_541\Debug\cymetadata.o
LOAD .\CortexM3\ARM_GCC_541\Debug\Cm3Start.o
LOAD .\CortexM3\ARM_GCC_541\Debug\MPS_W22_Prakt_3.a
LOAD D:\Tools\PSoc Creator\PSoC Creator\4.4\PSoC Creator\psoc\content\cycomponentlibrary\CyComponentLibrary.cylib\CortexM3\ARM_GCC_541\Debug\CyComponentLibrary.a
END GROUP
START GROUP
LOAD d:/tools/psoc creator/psoc creator/4.4/psoc creator/import/gnu/arm/5.4.1/bin/../lib/gcc/arm-none-eabi/5.4.1/armv7-m\libgcc.a
LOAD d:/tools/psoc creator/psoc creator/4.4/psoc creator/import/gnu/arm/5.4.1/bin/../lib/gcc/arm-none-eabi/5.4.1/../../../../arm-none-eabi/lib/armv7-m\libg_nano.a
LOAD d:/tools/psoc creator/psoc creator/4.4/psoc creator/import/gnu/arm/5.4.1/bin/../lib/gcc/arm-none-eabi/5.4.1/../../../../arm-none-eabi/lib/armv7-m\libc_nano.a
END GROUP
START GROUP
LOAD d:/tools/psoc creator/psoc creator/4.4/psoc creator/import/gnu/arm/5.4.1/bin/../lib/gcc/arm-none-eabi/5.4.1/armv7-m\libgcc.a
LOAD d:/tools/psoc creator/psoc creator/4.4/psoc creator/import/gnu/arm/5.4.1/bin/../lib/gcc/arm-none-eabi/5.4.1/../../../../arm-none-eabi/lib/armv7-m\libc_nano.a
END GROUP
LOAD d:/tools/psoc creator/psoc creator/4.4/psoc creator/import/gnu/arm/5.4.1/bin/../lib/gcc/arm-none-eabi/5.4.1/armv7-m/crtend.o
LOAD d:/tools/psoc creator/psoc creator/4.4/psoc creator/import/gnu/arm/5.4.1/bin/../lib/gcc/arm-none-eabi/5.4.1/armv7-m/crtn.o
START GROUP
LOAD d:/tools/psoc creator/psoc creator/4.4/psoc creator/import/gnu/arm/5.4.1/bin/../lib/gcc/arm-none-eabi/5.4.1/armv7-m\libgcc.a
LOAD d:/tools/psoc creator/psoc creator/4.4/psoc creator/import/gnu/arm/5.4.1/bin/../lib/gcc/arm-none-eabi/5.4.1/../../../../arm-none-eabi/lib/armv7-m\libc.a
LOAD d:/tools/psoc creator/psoc creator/4.4/psoc creator/import/gnu/arm/5.4.1/bin/../lib/gcc/arm-none-eabi/5.4.1/../../../../arm-none-eabi/lib/armv7-m\libnosys.a
END GROUP
                0x00000000                CY_APPL_ORIGIN = 0x0
                0x00000100                CY_FLASH_ROW_SIZE = 0x100
                0x00000020                CY_ECC_ROW_SIZE = 0x20
                0x00000000                CY_EE_IN_BTLDR = 0x0
                0x00000000                CY_APPL_LOADABLE = 0x0
                0x00000800                CY_EE_SIZE = 0x800
                0x00000001                CY_APPL_NUM = 0x1
                0x00000001                CY_APPL_MAX = 0x1
                0x00000040                CY_METADATA_SIZE = 0x40
                0x00000000                CY_APPL_LOADABLE = 0x0
                0x00000000                CY_CHECKSUM_EXCLUDE_SIZE = ALIGN (0x0, CY_FLASH_ROW_SIZE)
                [!provide]                PROVIDE (__cy_heap_start, _end)
                0x00000001                PROVIDE (__cy_region_num, ((__cy_regions_end - __cy_regions) / 0x10))
                0x20008000                PROVIDE (__cy_stack, (ORIGIN (ram) + LENGTH (ram)))
                [!provide]                PROVIDE (__cy_heap_end, (__cy_stack - 0x800))

.cybootloader   0x00000000        0x0
 *(.cybootloader)
                0x00000000                appl1_start = CY_APPL_ORIGIN?CY_APPL_ORIGIN:ALIGN (CY_FLASH_ROW_SIZE)
                0x0001ff00                appl2_start = (appl1_start + ALIGN ((((LENGTH (rom) - appl1_start) - (0x2 * CY_FLASH_ROW_SIZE)) / 0x2), CY_FLASH_ROW_SIZE))
                0x00000000                appl_start = (CY_APPL_NUM == 0x1)?appl1_start:appl2_start
                0x00000000                ecc_offset = ((appl_start / CY_FLASH_ROW_SIZE) * CY_ECC_ROW_SIZE)
                0x00000000                ee_offset = (CY_APPL_LOADABLE && ! (CY_EE_IN_BTLDR))?((CY_EE_SIZE / CY_APPL_MAX) * (CY_APPL_NUM - 0x1)):0x0
                0x00000800                ee_size = (CY_APPL_LOADABLE && ! (CY_EE_IN_BTLDR))?(CY_EE_SIZE / CY_APPL_MAX):CY_EE_SIZE
                [!provide]                PROVIDE (CY_ECC_OFFSET, ecc_offset)

.text           0x00000000     0x1d00
 CREATE_OBJECT_SYMBOLS
                0x00000000                PROVIDE (__cy_interrupt_vector, RomVectors)
 *(.romvectors)
 .romvectors    0x00000000       0x10 .\CortexM3\ARM_GCC_541\Debug\Cm3Start.o
                0x00000000                RomVectors
                0x00000001                ASSERT ((. != __cy_interrupt_vector), No interrupt vector)
                0x00000001                ASSERT (CY_APPL_ORIGIN?(SIZEOF (.cybootloader) <= CY_APPL_ORIGIN):0x1, Wrong image location)
                0x00000010                PROVIDE (__cy_reset, Reset)
 *(.text.Reset)
 .text.Reset    0x00000010       0x18 .\CortexM3\ARM_GCC_541\Debug\Cm3Start.o
                0x00000010                Reset
                0x00000001                ASSERT ((. != __cy_reset), No reset code)
 *(.dma_init)
                0x00000001                ASSERT ((((appl_start + .) <= 0x10000) || 0x1), DMA Init must be within the first 64k of flash)
 *(.text .text.* .gnu.linkonce.t.*)
 .text          0x00000028       0x5c d:/tools/psoc creator/psoc creator/4.4/psoc creator/import/gnu/arm/5.4.1/bin/../lib/gcc/arm-none-eabi/5.4.1/armv7-m/crtbegin.o
 .text.MyIsrUartRX
                0x00000084       0x18 .\CortexM3\ARM_GCC_541\Debug\main.o
                0x00000084                MyIsrUartRX
 .text.MyIsrCWEW
                0x0000009c       0x18 .\CortexM3\ARM_GCC_541\Debug\main.o
                0x0000009c                MyIsrCWEW
 .text.IsrAppClk
                0x000000b4       0x44 .\CortexM3\ARM_GCC_541\Debug\main.o
                0x000000b4                IsrAppClk
 .text.brightness_settings
                0x000000f8       0x8c .\CortexM3\ARM_GCC_541\Debug\main.o
                0x000000f8                brightness_settings
 .text.main     0x00000184      0x3c0 .\CortexM3\ARM_GCC_541\Debug\main.o
                0x00000184                main
 .text.switch_north_south_state
                0x00000544       0x4c .\CortexM3\ARM_GCC_541\Debug\HAL.o
                0x00000544                switch_north_south_state
 .text.switch_west_state
                0x00000590       0x34 .\CortexM3\ARM_GCC_541\Debug\HAL.o
                0x00000590                switch_west_state
 .text.cleanState
                0x000005c4       0x28 .\CortexM3\ARM_GCC_541\Debug\HAL.o
                0x000005c4                cleanState
 .text.prepareNorthSouthToDrive
                0x000005ec       0x28 .\CortexM3\ARM_GCC_541\Debug\HAL.o
                0x000005ec                prepareNorthSouthToDrive
 .text.allowNorthSouthToDrive
                0x00000614       0x28 .\CortexM3\ARM_GCC_541\Debug\HAL.o
                0x00000614                allowNorthSouthToDrive
 .text.prepareNorthSouthToStop
                0x0000063c       0x28 .\CortexM3\ARM_GCC_541\Debug\HAL.o
                0x0000063c                prepareNorthSouthToStop
 .text.prepareEastWestToDrive
                0x00000664       0x28 .\CortexM3\ARM_GCC_541\Debug\HAL.o
                0x00000664                prepareEastWestToDrive
 .text.allowEastWestToDrive
                0x0000068c       0x28 .\CortexM3\ARM_GCC_541\Debug\HAL.o
                0x0000068c                allowEastWestToDrive
 .text.prepareEastWestToStop
                0x000006b4       0x28 .\CortexM3\ARM_GCC_541\Debug\HAL.o
                0x000006b4                prepareEastWestToStop
 .text.CYMEMZERO
                0x000006dc       0x1c .\CortexM3\ARM_GCC_541\Debug\cyfitter_cfg.o
 .text.CYCONFIGCPY
                0x000006f8       0x20 .\CortexM3\ARM_GCC_541\Debug\cyfitter_cfg.o
 .text.CyClockStartupError
                0x00000718        0xc .\CortexM3\ARM_GCC_541\Debug\cyfitter_cfg.o
 .text.cfg_write_bytes32
                0x00000724       0x74 .\CortexM3\ARM_GCC_541\Debug\cyfitter_cfg.o
 .text.ClockSetup
                0x00000798      0x12c .\CortexM3\ARM_GCC_541\Debug\cyfitter_cfg.o
 .text.AnalogSetDefault
                0x000008c4       0x44 .\CortexM3\ARM_GCC_541\Debug\cyfitter_cfg.o
 .text.cyfitter_cfg
                0x00000908      0x158 .\CortexM3\ARM_GCC_541\Debug\cyfitter_cfg.o
                0x00000908                cyfitter_cfg
 .text.IntDefaultHandler
                0x00000a60       0x14 .\CortexM3\ARM_GCC_541\Debug\Cm3Start.o
                0x00000a60                IntDefaultHandler
 .text._sbrk    0x00000a74       0x50 .\CortexM3\ARM_GCC_541\Debug\Cm3Start.o
                0x00000a74                _sbrk
 .text.Start_c  0x00000ac4       0x98 .\CortexM3\ARM_GCC_541\Debug\Cm3Start.o
                0x00000ac4                Start_c
 .text.initialize_psoc
                0x00000b5c       0x90 .\CortexM3\ARM_GCC_541\Debug\Cm3Start.o
                0x00000b5c                initialize_psoc
 .text.PWM_Start
                0x00000bec       0x24 .\CortexM3\ARM_GCC_541\Debug\MPS_W22_Prakt_3.a(PWM.o)
                0x00000bec                PWM_Start
 .text.PWM_Init
                0x00000c10       0x98 .\CortexM3\ARM_GCC_541\Debug\MPS_W22_Prakt_3.a(PWM.o)
                0x00000c10                PWM_Init
 .text.PWM_Enable
                0x00000ca8       0x20 .\CortexM3\ARM_GCC_541\Debug\MPS_W22_Prakt_3.a(PWM.o)
                0x00000ca8                PWM_Enable
 .text.PWM_WriteCounter
                0x00000cc8       0x20 .\CortexM3\ARM_GCC_541\Debug\MPS_W22_Prakt_3.a(PWM.o)
                0x00000cc8                PWM_WriteCounter
 .text.PWM_ClearFIFO
                0x00000ce8       0x1c .\CortexM3\ARM_GCC_541\Debug\MPS_W22_Prakt_3.a(PWM.o)
                0x00000ce8                PWM_ClearFIFO
 .text.PWM_WritePeriod
                0x00000d04       0x20 .\CortexM3\ARM_GCC_541\Debug\MPS_W22_Prakt_3.a(PWM.o)
                0x00000d04                PWM_WritePeriod
 .text.PWM_WriteCompare
                0x00000d24       0x20 .\CortexM3\ARM_GCC_541\Debug\MPS_W22_Prakt_3.a(PWM.o)
                0x00000d24                PWM_WriteCompare
 .text.PWM_SetInterruptMode
                0x00000d44       0x20 .\CortexM3\ARM_GCC_541\Debug\MPS_W22_Prakt_3.a(PWM.o)
                0x00000d44                PWM_SetInterruptMode
 .text.PWM_ReadStatusRegister
                0x00000d64       0x18 .\CortexM3\ARM_GCC_541\Debug\MPS_W22_Prakt_3.a(PWM.o)
                0x00000d64                PWM_ReadStatusRegister
 .text.PWM_ReadCapture
                0x00000d7c       0x18 .\CortexM3\ARM_GCC_541\Debug\MPS_W22_Prakt_3.a(PWM.o)
                0x00000d7c                PWM_ReadCapture
 .text.PWM_ReadCompare
                0x00000d94       0x18 .\CortexM3\ARM_GCC_541\Debug\MPS_W22_Prakt_3.a(PWM.o)
                0x00000d94                PWM_ReadCompare
 .text.isr_UART_RX_StartEx
                0x00000dac       0x24 .\CortexM3\ARM_GCC_541\Debug\MPS_W22_Prakt_3.a(isr_UART_RX.o)
                0x00000dac                isr_UART_RX_StartEx
 .text.isr_UART_RX_SetVector
                0x00000dd0       0x24 .\CortexM3\ARM_GCC_541\Debug\MPS_W22_Prakt_3.a(isr_UART_RX.o)
                0x00000dd0                isr_UART_RX_SetVector
 .text.isr_UART_RX_SetPriority
                0x00000df4       0x24 .\CortexM3\ARM_GCC_541\Debug\MPS_W22_Prakt_3.a(isr_UART_RX.o)
                0x00000df4                isr_UART_RX_SetPriority
 .text.isr_UART_RX_Enable
                0x00000e18       0x18 .\CortexM3\ARM_GCC_541\Debug\MPS_W22_Prakt_3.a(isr_UART_RX.o)
                0x00000e18                isr_UART_RX_Enable
 .text.isr_UART_RX_Disable
                0x00000e30       0x18 .\CortexM3\ARM_GCC_541\Debug\MPS_W22_Prakt_3.a(isr_UART_RX.o)
                0x00000e30                isr_UART_RX_Disable
 .text.Pin_E_CW_Write
                0x00000e48       0x3c .\CortexM3\ARM_GCC_541\Debug\MPS_W22_Prakt_3.a(Pin_E_CW.o)
                0x00000e48                Pin_E_CW_Write
 .text.Pin_S_CW_Write
                0x00000e84       0x3c .\CortexM3\ARM_GCC_541\Debug\MPS_W22_Prakt_3.a(Pin_S_CW.o)
                0x00000e84                Pin_S_CW_Write
 .text.isr_Clk_StartEx
                0x00000ec0       0x24 .\CortexM3\ARM_GCC_541\Debug\MPS_W22_Prakt_3.a(isr_Clk.o)
                0x00000ec0                isr_Clk_StartEx
 .text.isr_Clk_SetVector
                0x00000ee4       0x24 .\CortexM3\ARM_GCC_541\Debug\MPS_W22_Prakt_3.a(isr_Clk.o)
                0x00000ee4                isr_Clk_SetVector
 .text.isr_Clk_SetPriority
                0x00000f08       0x24 .\CortexM3\ARM_GCC_541\Debug\MPS_W22_Prakt_3.a(isr_Clk.o)
                0x00000f08                isr_Clk_SetPriority
 .text.isr_Clk_Enable
                0x00000f2c       0x18 .\CortexM3\ARM_GCC_541\Debug\MPS_W22_Prakt_3.a(isr_Clk.o)
                0x00000f2c                isr_Clk_Enable
 .text.isr_Clk_Disable
                0x00000f44       0x18 .\CortexM3\ARM_GCC_541\Debug\MPS_W22_Prakt_3.a(isr_Clk.o)
                0x00000f44                isr_Clk_Disable
 .text.isr_CWEW_StartEx
                0x00000f5c       0x24 .\CortexM3\ARM_GCC_541\Debug\MPS_W22_Prakt_3.a(isr_CWEW.o)
                0x00000f5c                isr_CWEW_StartEx
 .text.isr_CWEW_SetVector
                0x00000f80       0x24 .\CortexM3\ARM_GCC_541\Debug\MPS_W22_Prakt_3.a(isr_CWEW.o)
                0x00000f80                isr_CWEW_SetVector
 .text.isr_CWEW_SetPriority
                0x00000fa4       0x24 .\CortexM3\ARM_GCC_541\Debug\MPS_W22_Prakt_3.a(isr_CWEW.o)
                0x00000fa4                isr_CWEW_SetPriority
 .text.isr_CWEW_Enable
                0x00000fc8       0x18 .\CortexM3\ARM_GCC_541\Debug\MPS_W22_Prakt_3.a(isr_CWEW.o)
                0x00000fc8                isr_CWEW_Enable
 .text.isr_CWEW_Disable
                0x00000fe0       0x18 .\CortexM3\ARM_GCC_541\Debug\MPS_W22_Prakt_3.a(isr_CWEW.o)
                0x00000fe0                isr_CWEW_Disable
 .text.isr_CWEW_ClearPending
                0x00000ff8       0x18 .\CortexM3\ARM_GCC_541\Debug\MPS_W22_Prakt_3.a(isr_CWEW.o)
                0x00000ff8                isr_CWEW_ClearPending
 .text.Pin_CWEW_ClearInterrupt
                0x00001010       0x20 .\CortexM3\ARM_GCC_541\Debug\MPS_W22_Prakt_3.a(Pin_CWEW.o)
                0x00001010                Pin_CWEW_ClearInterrupt
 .text.UART_Start
                0x00001030       0x24 .\CortexM3\ARM_GCC_541\Debug\MPS_W22_Prakt_3.a(UART.o)
                0x00001030                UART_Start
 .text.UART_Init
                0x00001054       0x40 .\CortexM3\ARM_GCC_541\Debug\MPS_W22_Prakt_3.a(UART.o)
                0x00001054                UART_Init
 .text.UART_Enable
                0x00001094       0x60 .\CortexM3\ARM_GCC_541\Debug\MPS_W22_Prakt_3.a(UART.o)
                0x00001094                UART_Enable
 .text.UART_GetChar
                0x000010f4       0x44 .\CortexM3\ARM_GCC_541\Debug\MPS_W22_Prakt_3.a(UART.o)
                0x000010f4                UART_GetChar
 .text.UART_PutChar
                0x00001138       0x34 .\CortexM3\ARM_GCC_541\Debug\MPS_W22_Prakt_3.a(UART.o)
                0x00001138                UART_PutChar
 .text.UART_PutString
                0x0000116c       0x44 .\CortexM3\ARM_GCC_541\Debug\MPS_W22_Prakt_3.a(UART.o)
                0x0000116c                UART_PutString
 .text.Pin_W_G_Write
                0x000011b0       0x3c .\CortexM3\ARM_GCC_541\Debug\MPS_W22_Prakt_3.a(Pin_W_G.o)
                0x000011b0                Pin_W_G_Write
 .text.Pin_W_Y_Write
                0x000011ec       0x3c .\CortexM3\ARM_GCC_541\Debug\MPS_W22_Prakt_3.a(Pin_W_Y.o)
                0x000011ec                Pin_W_Y_Write
 .text.Pin_W_R_Write
                0x00001228       0x3c .\CortexM3\ARM_GCC_541\Debug\MPS_W22_Prakt_3.a(Pin_W_R.o)
                0x00001228                Pin_W_R_Write
 .text.Pin_N_R_Write
                0x00001264       0x34 .\CortexM3\ARM_GCC_541\Debug\MPS_W22_Prakt_3.a(Pin_N_R.o)
                0x00001264                Pin_N_R_Write
 .text.Pin_N_Y_Write
                0x00001298       0x3c .\CortexM3\ARM_GCC_541\Debug\MPS_W22_Prakt_3.a(Pin_N_Y.o)
                0x00001298                Pin_N_Y_Write
 .text.Pin_N_G_Write
                0x000012d4       0x3c .\CortexM3\ARM_GCC_541\Debug\MPS_W22_Prakt_3.a(Pin_N_G.o)
                0x000012d4                Pin_N_G_Write
 .text.Pin_S_G_Write
                0x00001310       0x3c .\CortexM3\ARM_GCC_541\Debug\MPS_W22_Prakt_3.a(Pin_S_G.o)
                0x00001310                Pin_S_G_Write
 .text.Pin_S_Y_Write
                0x0000134c       0x3c .\CortexM3\ARM_GCC_541\Debug\MPS_W22_Prakt_3.a(Pin_S_Y.o)
                0x0000134c                Pin_S_Y_Write
 .text.Pin_S_R_Write
                0x00001388       0x3c .\CortexM3\ARM_GCC_541\Debug\MPS_W22_Prakt_3.a(Pin_S_R.o)
                0x00001388                Pin_S_R_Write
 .text.UART_IntClock_Start
                0x000013c4       0x34 .\CortexM3\ARM_GCC_541\Debug\MPS_W22_Prakt_3.a(UART_IntClock.o)
                0x000013c4                UART_IntClock_Start
 .text.CySoftwareReset
                0x000013f8       0x20 .\CortexM3\ARM_GCC_541\Debug\MPS_W22_Prakt_3.a(CyLib.o)
                0x000013f8                CySoftwareReset
 .text          0x00001418       0x20 .\CortexM3\ARM_GCC_541\Debug\MPS_W22_Prakt_3.a(CyBootAsmGnu.o)
                0x00001418                CyDelayCycles
                0x00001428                CyEnterCriticalSection
                0x00001430                CyExitCriticalSection
 .text.__errno  0x00001438        0xc d:/tools/psoc creator/psoc creator/4.4/psoc creator/import/gnu/arm/5.4.1/bin/../lib/gcc/arm-none-eabi/5.4.1/../../../../arm-none-eabi/lib/armv7-m\libg_nano.a(lib_a-errno.o)
                0x00001438                __errno
 .text.__libc_init_array
                0x00001444       0x4c d:/tools/psoc creator/psoc creator/4.4/psoc creator/import/gnu/arm/5.4.1/bin/../lib/gcc/arm-none-eabi/5.4.1/../../../../arm-none-eabi/lib/armv7-m\libg_nano.a(lib_a-init.o)
                0x00001444                __libc_init_array
 .text.memcpy   0x00001490       0x16 d:/tools/psoc creator/psoc creator/4.4/psoc creator/import/gnu/arm/5.4.1/bin/../lib/gcc/arm-none-eabi/5.4.1/../../../../arm-none-eabi/lib/armv7-m\libg_nano.a(lib_a-memcpy-stub.o)
                0x00001490                memcpy
 .text.memset   0x000014a6       0x10 d:/tools/psoc creator/psoc creator/4.4/psoc creator/import/gnu/arm/5.4.1/bin/../lib/gcc/arm-none-eabi/5.4.1/../../../../arm-none-eabi/lib/armv7-m\libg_nano.a(lib_a-memset.o)
                0x000014a6                memset
 *fill*         0x000014b6        0x2 
 .text.sprintf  0x000014b8       0x48 d:/tools/psoc creator/psoc creator/4.4/psoc creator/import/gnu/arm/5.4.1/bin/../lib/gcc/arm-none-eabi/5.4.1/../../../../arm-none-eabi/lib/armv7-m\libg_nano.a(lib_a-sprintf.o)
                0x000014b8                siprintf
                0x000014b8                sprintf
 .text.__ssputs_r
                0x00001500       0xb2 d:/tools/psoc creator/psoc creator/4.4/psoc creator/import/gnu/arm/5.4.1/bin/../lib/gcc/arm-none-eabi/5.4.1/../../../../arm-none-eabi/lib/armv7-m\libg_nano.a(lib_a-nano-svfprintf.o)
                0x00001500                __ssputs_r
 *fill*         0x000015b2        0x2 
 .text._svfprintf_r
                0x000015b4      0x1e8 d:/tools/psoc creator/psoc creator/4.4/psoc creator/import/gnu/arm/5.4.1/bin/../lib/gcc/arm-none-eabi/5.4.1/../../../../arm-none-eabi/lib/armv7-m\libg_nano.a(lib_a-nano-svfprintf.o)
                0x000015b4                _svfiprintf_r
                0x000015b4                _svfprintf_r
 .text._printf_common
                0x0000179c       0xec d:/tools/psoc creator/psoc creator/4.4/psoc creator/import/gnu/arm/5.4.1/bin/../lib/gcc/arm-none-eabi/5.4.1/../../../../arm-none-eabi/lib/armv7-m\libg_nano.a(lib_a-nano-vfprintf_i.o)
                0x0000179c                _printf_common
 .text._printf_i
                0x00001888      0x24c d:/tools/psoc creator/psoc creator/4.4/psoc creator/import/gnu/arm/5.4.1/bin/../lib/gcc/arm-none-eabi/5.4.1/../../../../arm-none-eabi/lib/armv7-m\libg_nano.a(lib_a-nano-vfprintf_i.o)
                0x00001888                _printf_i
 .text.memchr   0x00001ad4       0x1c d:/tools/psoc creator/psoc creator/4.4/psoc creator/import/gnu/arm/5.4.1/bin/../lib/gcc/arm-none-eabi/5.4.1/../../../../arm-none-eabi/lib/armv7-m\libg_nano.a(lib_a-memchr-stub.o)
                0x00001ad4                memchr
 .text.memmove  0x00001af0       0x36 d:/tools/psoc creator/psoc creator/4.4/psoc creator/import/gnu/arm/5.4.1/bin/../lib/gcc/arm-none-eabi/5.4.1/../../../../arm-none-eabi/lib/armv7-m\libg_nano.a(lib_a-memmove.o)
                0x00001af0                memmove
 *fill*         0x00001b26        0x2 
 .text._free_r  0x00001b28       0x98 d:/tools/psoc creator/psoc creator/4.4/psoc creator/import/gnu/arm/5.4.1/bin/../lib/gcc/arm-none-eabi/5.4.1/../../../../arm-none-eabi/lib/armv7-m\libg_nano.a(lib_a-nano-freer.o)
                0x00001b28                _free_r
 .text._malloc_r
                0x00001bc0       0xbc d:/tools/psoc creator/psoc creator/4.4/psoc creator/import/gnu/arm/5.4.1/bin/../lib/gcc/arm-none-eabi/5.4.1/../../../../arm-none-eabi/lib/armv7-m\libg_nano.a(lib_a-nano-mallocr.o)
                0x00001bc0                _malloc_r
 .text._realloc_r
                0x00001c7c       0x4c d:/tools/psoc creator/psoc creator/4.4/psoc creator/import/gnu/arm/5.4.1/bin/../lib/gcc/arm-none-eabi/5.4.1/../../../../arm-none-eabi/lib/armv7-m\libg_nano.a(lib_a-nano-reallocr.o)
                0x00001c7c                _realloc_r
 .text._sbrk_r  0x00001cc8       0x20 d:/tools/psoc creator/psoc creator/4.4/psoc creator/import/gnu/arm/5.4.1/bin/../lib/gcc/arm-none-eabi/5.4.1/../../../../arm-none-eabi/lib/armv7-m\libg_nano.a(lib_a-sbrkr.o)
                0x00001cc8                _sbrk_r
 .text.__malloc_lock
                0x00001ce8        0x2 d:/tools/psoc creator/psoc creator/4.4/psoc creator/import/gnu/arm/5.4.1/bin/../lib/gcc/arm-none-eabi/5.4.1/../../../../arm-none-eabi/lib/armv7-m\libg_nano.a(lib_a-mlock.o)
                0x00001ce8                __malloc_lock
 .text.__malloc_unlock
                0x00001cea        0x2 d:/tools/psoc creator/psoc creator/4.4/psoc creator/import/gnu/arm/5.4.1/bin/../lib/gcc/arm-none-eabi/5.4.1/../../../../arm-none-eabi/lib/armv7-m\libg_nano.a(lib_a-mlock.o)
                0x00001cea                __malloc_unlock
 .text._malloc_usable_size_r
                0x00001cec       0x14 d:/tools/psoc creator/psoc creator/4.4/psoc creator/import/gnu/arm/5.4.1/bin/../lib/gcc/arm-none-eabi/5.4.1/../../../../arm-none-eabi/lib/armv7-m\libg_nano.a(lib_a-nano-msizer.o)
                0x00001cec                _malloc_usable_size_r
 *(.plt)
 *(.gnu.warning)
 *(.glue_7t)
 .glue_7t       0x00001d00        0x0 linker stubs
 *(.glue_7)
 .glue_7        0x00001d00        0x0 linker stubs
 *(.vfp11_veneer)
 .vfp11_veneer  0x00001d00        0x0 linker stubs
 *(.bootloader)
 *(.ARM.extab* .gnu.linkonce.armextab.*)
 *(.gcc_except_table)

.v4_bx          0x00001d00        0x0
 .v4_bx         0x00001d00        0x0 linker stubs

.iplt           0x00001d00        0x0
 .iplt          0x00001d00        0x0 d:/tools/psoc creator/psoc creator/4.4/psoc creator/import/gnu/arm/5.4.1/bin/../lib/gcc/arm-none-eabi/5.4.1/armv7-m/crtbegin.o

.eh_frame_hdr
 *(.eh_frame_hdr)

.eh_frame       0x00001d00        0x4
 *(.eh_frame)
 .eh_frame      0x00001d00        0x0 d:/tools/psoc creator/psoc creator/4.4/psoc creator/import/gnu/arm/5.4.1/bin/../lib/gcc/arm-none-eabi/5.4.1/armv7-m/crtbegin.o
 .eh_frame      0x00001d00        0x4 d:/tools/psoc creator/psoc creator/4.4/psoc creator/import/gnu/arm/5.4.1/bin/../lib/gcc/arm-none-eabi/5.4.1/armv7-m/crtend.o
                [!provide]                PROVIDE (__exidx_start, .)

.ARM.exidx
 *(.ARM.exidx* .gnu.linkonce.armexidx.*)
                0x00001d04                __exidx_end = .

.rodata         0x00001d04      0x174
 *(.rodata .rodata.* .gnu.linkonce.r.*)
 .rodata        0x00001d04       0xd9 .\CortexM3\ARM_GCC_541\Debug\main.o
 *fill*         0x00001ddd        0x3 
 .rodata        0x00001de0       0x2a .\CortexM3\ARM_GCC_541\Debug\cyfitter_cfg.o
 .rodata.str1.1
                0x00001e0a        0x2 d:/tools/psoc creator/psoc creator/4.4/psoc creator/import/gnu/arm/5.4.1/bin/../lib/gcc/arm-none-eabi/5.4.1/../../../../arm-none-eabi/lib/armv7-m\libg_nano.a(lib_a-impure.o)
 .rodata.str1.1
                0x00001e0c       0x11 d:/tools/psoc creator/psoc creator/4.4/psoc creator/import/gnu/arm/5.4.1/bin/../lib/gcc/arm-none-eabi/5.4.1/../../../../arm-none-eabi/lib/armv7-m\libg_nano.a(lib_a-nano-svfprintf.o)
 .rodata.str1.1
                0x00001e1d       0x22 d:/tools/psoc creator/psoc creator/4.4/psoc creator/import/gnu/arm/5.4.1/bin/../lib/gcc/arm-none-eabi/5.4.1/../../../../arm-none-eabi/lib/armv7-m\libg_nano.a(lib_a-nano-vfprintf_i.o)
                0x00001e40                . = ALIGN (0x4)
 *fill*         0x00001e3f        0x1 
 *(.init)
 .init          0x00001e40        0x4 d:/tools/psoc creator/psoc creator/4.4/psoc creator/import/gnu/arm/5.4.1/bin/../lib/gcc/arm-none-eabi/5.4.1/armv7-m/crti.o
                0x00001e40                _init
 .init          0x00001e44        0x8 d:/tools/psoc creator/psoc creator/4.4/psoc creator/import/gnu/arm/5.4.1/bin/../lib/gcc/arm-none-eabi/5.4.1/armv7-m/crtn.o
                0x00001e4c                . = ALIGN (0x4)
                0x00001e4c                __preinit_array_start = .
 *(.preinit_array)
                0x00001e4c                __preinit_array_end = .
                0x00001e4c                . = ALIGN (0x4)
                0x00001e4c                __init_array_start = .
 *(SORT(.init_array.*))
 *(.init_array)
 .init_array    0x00001e4c        0x4 d:/tools/psoc creator/psoc creator/4.4/psoc creator/import/gnu/arm/5.4.1/bin/../lib/gcc/arm-none-eabi/5.4.1/armv7-m/crtbegin.o
 .init_array    0x00001e50        0x4 .\CortexM3\ARM_GCC_541\Debug\Cm3Start.o
                0x00001e54                __init_array_end = .
                0x00001e54                . = ALIGN (0x4)
 *(.fini)
 .fini          0x00001e54        0x4 d:/tools/psoc creator/psoc creator/4.4/psoc creator/import/gnu/arm/5.4.1/bin/../lib/gcc/arm-none-eabi/5.4.1/armv7-m/crti.o
                0x00001e54                _fini
 .fini          0x00001e58        0x8 d:/tools/psoc creator/psoc creator/4.4/psoc creator/import/gnu/arm/5.4.1/bin/../lib/gcc/arm-none-eabi/5.4.1/armv7-m/crtn.o
                0x00001e60                . = ALIGN (0x4)
                0x00001e60                __fini_array_start = .
 *(.fini_array)
 .fini_array    0x00001e60        0x4 d:/tools/psoc creator/psoc creator/4.4/psoc creator/import/gnu/arm/5.4.1/bin/../lib/gcc/arm-none-eabi/5.4.1/armv7-m/crtbegin.o
 *(SORT(.fini_array.*))
                0x00001e64                __fini_array_end = .
                0x00001e64                . = ALIGN (0x4)
 *crtbegin.o(.ctors)
 *(EXCLUDE_FILE(*crtend.o) .ctors)
 *(SORT(.ctors.*))
 *crtend.o(.ctors)
                0x00001e64                . = ALIGN (0x4)
 *crtbegin.o(.dtors)
 *(EXCLUDE_FILE(*crtend.o) .dtors)
 *(SORT(.dtors.*))
 *crtend.o(.dtors)
                0x00001e64                . = ALIGN (0x4)
                0x00001e64                __cy_regions = .
                0x00001e64        0x4 LONG 0x1e78 __cy_region_init_ram
                0x00001e68        0x4 LONG 0x1fff80c8 __cy_region_start_data
                0x00001e6c        0x4 LONG 0x70 __cy_region_init_size_ram
                0x00001e70        0x4 LONG 0xc0 __cy_region_zero_size_ram
                0x00001e74                __cy_regions_end = .
                0x00001e78                . = ALIGN (0x8)
 *fill*         0x00001e74        0x4 
                0x00001e78                _etext = .

.cy_checksum_exclude
                0x00001e78        0x0
 *(.cy_checksum_exclude)

.ramvectors     0x1fff8000       0xc0
                0x1fff8000                __cy_region_start_ram = .
 *(.ramvectors)
 .ramvectors    0x1fff8000       0xc0 .\CortexM3\ARM_GCC_541\Debug\Cm3Start.o
                0x1fff8000                CyRamVectors

.noinit         0x1fff80c0        0x5
 *(.noinit)
 .noinit        0x1fff80c0        0x4 .\CortexM3\ARM_GCC_541\Debug\Cm3Start.o
 .noinit        0x1fff80c4        0x1 .\CortexM3\ARM_GCC_541\Debug\MPS_W22_Prakt_3.a(CyLib.o)
                0x1fff80c4                CyResetStatus

.data           0x1fff80c8       0x70 load address 0x00001e78
                0x1fff80c8                __cy_region_start_data = .
 *(.jcr)
 .jcr           0x1fff80c8        0x0 d:/tools/psoc creator/psoc creator/4.4/psoc creator/import/gnu/arm/5.4.1/bin/../lib/gcc/arm-none-eabi/5.4.1/armv7-m/crtbegin.o
 .jcr           0x1fff80c8        0x4 d:/tools/psoc creator/psoc creator/4.4/psoc creator/import/gnu/arm/5.4.1/bin/../lib/gcc/arm-none-eabi/5.4.1/armv7-m/crtend.o
 *(.got.plt)
 *(.got)
 *(.shdata)
 *(.data .data.* .gnu.linkonce.d.*)
 .data          0x1fff80cc        0x2 .\CortexM3\ARM_GCC_541\Debug\main.o
 *fill*         0x1fff80ce        0x2 
 .data          0x1fff80d0        0x4 .\CortexM3\ARM_GCC_541\Debug\Cm3Start.o
 .data.impure_data
                0x1fff80d4       0x60 d:/tools/psoc creator/psoc creator/4.4/psoc creator/import/gnu/arm/5.4.1/bin/../lib/gcc/arm-none-eabi/5.4.1/../../../../arm-none-eabi/lib/armv7-m\libg_nano.a(lib_a-impure.o)
 .data._impure_ptr
                0x1fff8134        0x4 d:/tools/psoc creator/psoc creator/4.4/psoc creator/import/gnu/arm/5.4.1/bin/../lib/gcc/arm-none-eabi/5.4.1/../../../../arm-none-eabi/lib/armv7-m\libg_nano.a(lib_a-impure.o)
                0x1fff8134                _impure_ptr
                0x1fff8138                . = ALIGN (0x8)
 *(.ram)
                0x1fff8138                _edata = .

.igot.plt       0x1fff8138        0x0 load address 0x00001ee8
 .igot.plt      0x1fff8138        0x0 d:/tools/psoc creator/psoc creator/4.4/psoc creator/import/gnu/arm/5.4.1/bin/../lib/gcc/arm-none-eabi/5.4.1/armv7-m/crtbegin.o

.bss            0x1fff8138       0xc0 load address 0x00001ee8
                0x1fff8138                PROVIDE (__bss_start__, .)
 *(.shbss)
 *(.bss .bss.* .gnu.linkonce.b.*)
 .bss           0x1fff8138       0x1c d:/tools/psoc creator/psoc creator/4.4/psoc creator/import/gnu/arm/5.4.1/bin/../lib/gcc/arm-none-eabi/5.4.1/armv7-m/crtbegin.o
 .bss           0x1fff8154       0x90 .\CortexM3\ARM_GCC_541\Debug\main.o
 .bss           0x1fff81e4        0x1 .\CortexM3\ARM_GCC_541\Debug\MPS_W22_Prakt_3.a(PWM.o)
                0x1fff81e4                PWM_initVar
 .bss           0x1fff81e5        0x2 .\CortexM3\ARM_GCC_541\Debug\MPS_W22_Prakt_3.a(UART.o)
                0x1fff81e5                UART_initVar
 *fill*         0x1fff81e7        0x1 
 .bss.__malloc_sbrk_start
                0x1fff81e8        0x4 d:/tools/psoc creator/psoc creator/4.4/psoc creator/import/gnu/arm/5.4.1/bin/../lib/gcc/arm-none-eabi/5.4.1/../../../../arm-none-eabi/lib/armv7-m\libg_nano.a(lib_a-nano-mallocr.o)
                0x1fff81e8                __malloc_sbrk_start
 .bss.__malloc_free_list
                0x1fff81ec        0x4 d:/tools/psoc creator/psoc creator/4.4/psoc creator/import/gnu/arm/5.4.1/bin/../lib/gcc/arm-none-eabi/5.4.1/../../../../arm-none-eabi/lib/armv7-m\libg_nano.a(lib_a-nano-mallocr.o)
                0x1fff81ec                __malloc_free_list
 *(COMMON)
 COMMON         0x1fff81f0        0x4 d:/tools/psoc creator/psoc creator/4.4/psoc creator/import/gnu/arm/5.4.1/bin/../lib/gcc/arm-none-eabi/5.4.1/../../../../arm-none-eabi/lib/armv7-m\libg_nano.a(lib_a-reent.o)
                0x1fff81f0                errno
                0x1fff81f8                . = ALIGN (0x8)
 *fill*         0x1fff81f4        0x4 
 *(.ram.b)
                0x1fff81f8                _end = .
                0x1fff81f8                __end = .
                0x1fff81f8                PROVIDE (end, .)
                0x1fff81f8                PROVIDE (__bss_end__, .)
                0x00001e78                __cy_region_init_ram = LOADADDR (.data)
                0x00000070                __cy_region_init_size_ram = (_edata - ADDR (.data))
                0x000000c0                __cy_region_zero_size_ram = (_end - _edata)

.heap           0x1fff81f8       0x80 load address 0x00001ee8
                0x1fff81f8                . = _end
                0x1fff8278                . = (. + 0x80)
 *fill*         0x1fff81f8       0x80 
                0x1fff8278                __cy_heap_limit = .

.stack          0x20007800      0x800
                0x20007800                __cy_stack_limit = .
                0x20008000                . = (. + 0x800)
 *fill*         0x20007800      0x800 
                0x00000001                ASSERT ((__cy_stack_limit >= __cy_heap_limit), region RAM overflowed with stack)
                0x00000000                cy_checksum_exclude_size = (CY_APPL_LOADABLE == 0x1)?SIZEOF (.cy_checksum_exclude):0x0
                0x00000001                ASSERT ((cy_checksum_exclude_size <= CY_CHECKSUM_EXCLUDE_SIZE), CY_BOOT: Section .cy_checksum_exclude size exceedes specified limit.)

.cyloadermeta
 *(.cyloadermeta)

.cyloadablemeta
 *(.cyloadablemeta)

.cyconfigecc    0x80000000      0x480
 *(.cyconfigecc)
 .cyconfigecc   0x80000000      0x480 .\CortexM3\ARM_GCC_541\Debug\cymetadata.o
                0x80000000                cy_meta_configecc

.cycustnvl      0x90000000        0x4
 *(.cycustnvl)
 .cycustnvl     0x90000000        0x4 .\CortexM3\ARM_GCC_541\Debug\cymetadata.o
                0x90000000                cy_meta_custnvl

.cywolatch      0x90100000        0x4
 *(.cywolatch)
 .cywolatch     0x90100000        0x4 .\CortexM3\ARM_GCC_541\Debug\cymetadata.o
                0x90100000                cy_meta_wonvl

.cyeeprom       0x90200000        0x0
 *(.cyeeprom)
                0x00000001                ASSERT ((. <= ((0x90200000 + ee_offset) + ee_size)), .cyeeprom data will not fit in EEPROM)

.cyflashprotect
                0x90400000      0x100
 *(.cyflashprotect)
 .cyflashprotect
                0x90400000      0x100 .\CortexM3\ARM_GCC_541\Debug\cymetadata.o
                0x90400000                cy_meta_flashprotect

.cymeta         0x90500000        0xc
 *(.cymeta)
 .cymeta        0x90500000        0xc .\CortexM3\ARM_GCC_541\Debug\cymetadata.o
                0x90500000                cy_metadata

.rel.dyn        0x00001ee8        0x0 load address 0x9050000c
 .rel.iplt      0x00001ee8        0x0 d:/tools/psoc creator/psoc creator/4.4/psoc creator/import/gnu/arm/5.4.1/bin/../lib/gcc/arm-none-eabi/5.4.1/armv7-m/crtbegin.o

.stab
 *(.stab)

.stabstr
 *(.stabstr)

.debug
 *(.debug)

.line
 *(.line)

.debug_srcinfo
 *(.debug_srcinfo)

.debug_sfnames
 *(.debug_sfnames)

.debug_aranges  0x00000000      0xbe8
 *(.debug_aranges)
 .debug_aranges
                0x00000000       0x40 .\CortexM3\ARM_GCC_541\Debug\main.o
 .debug_aranges
                0x00000040       0x60 .\CortexM3\ARM_GCC_541\Debug\HAL.o
 .debug_aranges
                0x000000a0       0x60 .\CortexM3\ARM_GCC_541\Debug\cyfitter_cfg.o
 .debug_aranges
                0x00000100       0x18 .\CortexM3\ARM_GCC_541\Debug\cymetadata.o
 .debug_aranges
                0x00000118       0x48 .\CortexM3\ARM_GCC_541\Debug\Cm3Start.o
 .debug_aranges
                0x00000160       0x98 .\CortexM3\ARM_GCC_541\Debug\MPS_W22_Prakt_3.a(PWM.o)
 .debug_aranges
                0x000001f8       0x80 .\CortexM3\ARM_GCC_541\Debug\MPS_W22_Prakt_3.a(isr_UART_RX.o)
 .debug_aranges
                0x00000278       0x38 .\CortexM3\ARM_GCC_541\Debug\MPS_W22_Prakt_3.a(Pin_E_CW.o)
 .debug_aranges
                0x000002b0       0x38 .\CortexM3\ARM_GCC_541\Debug\MPS_W22_Prakt_3.a(Pin_S_CW.o)
 .debug_aranges
                0x000002e8       0x80 .\CortexM3\ARM_GCC_541\Debug\MPS_W22_Prakt_3.a(isr_Clk.o)
 .debug_aranges
                0x00000368       0x80 .\CortexM3\ARM_GCC_541\Debug\MPS_W22_Prakt_3.a(isr_CWEW.o)
 .debug_aranges
                0x000003e8       0x48 .\CortexM3\ARM_GCC_541\Debug\MPS_W22_Prakt_3.a(Pin_CWEW.o)
 .debug_aranges
                0x00000430       0xf0 .\CortexM3\ARM_GCC_541\Debug\MPS_W22_Prakt_3.a(UART.o)
 .debug_aranges
                0x00000520       0x38 .\CortexM3\ARM_GCC_541\Debug\MPS_W22_Prakt_3.a(Pin_W_G.o)
 .debug_aranges
                0x00000558       0x38 .\CortexM3\ARM_GCC_541\Debug\MPS_W22_Prakt_3.a(Pin_W_Y.o)
 .debug_aranges
                0x00000590       0x38 .\CortexM3\ARM_GCC_541\Debug\MPS_W22_Prakt_3.a(Pin_W_R.o)
 .debug_aranges
                0x000005c8       0x38 .\CortexM3\ARM_GCC_541\Debug\MPS_W22_Prakt_3.a(Pin_N_R.o)
 .debug_aranges
                0x00000600       0x38 .\CortexM3\ARM_GCC_541\Debug\MPS_W22_Prakt_3.a(Pin_N_Y.o)
 .debug_aranges
                0x00000638       0x38 .\CortexM3\ARM_GCC_541\Debug\MPS_W22_Prakt_3.a(Pin_N_G.o)
 .debug_aranges
                0x00000670       0x38 .\CortexM3\ARM_GCC_541\Debug\MPS_W22_Prakt_3.a(Pin_S_G.o)
 .debug_aranges
                0x000006a8       0x38 .\CortexM3\ARM_GCC_541\Debug\MPS_W22_Prakt_3.a(Pin_S_Y.o)
 .debug_aranges
                0x000006e0       0x38 .\CortexM3\ARM_GCC_541\Debug\MPS_W22_Prakt_3.a(Pin_S_R.o)
 .debug_aranges
                0x00000718       0x70 .\CortexM3\ARM_GCC_541\Debug\MPS_W22_Prakt_3.a(UART_IntClock.o)
 .debug_aranges
                0x00000788      0x2a0 .\CortexM3\ARM_GCC_541\Debug\MPS_W22_Prakt_3.a(CyLib.o)
 .debug_aranges
                0x00000a28       0x98 .\CortexM3\ARM_GCC_541\Debug\MPS_W22_Prakt_3.a(cyPm.o)
 .debug_aranges
                0x00000ac0       0x20 .\CortexM3\ARM_GCC_541\Debug\MPS_W22_Prakt_3.a(CyBootAsmGnu.o)
 .debug_aranges
                0x00000ae0       0x88 .\CortexM3\ARM_GCC_541\Debug\MPS_W22_Prakt_3.a(CyFlash.o)
 .debug_aranges
                0x00000b68       0x80 .\CortexM3\ARM_GCC_541\Debug\MPS_W22_Prakt_3.a(CySpc.o)

.debug_pubnames
 *(.debug_pubnames)

.debug_info     0x00000000     0x4702
 *(.debug_info .gnu.linkonce.wi.*)
 .debug_info    0x00000000      0x218 .\CortexM3\ARM_GCC_541\Debug\main.o
 .debug_info    0x00000218      0x1ad .\CortexM3\ARM_GCC_541\Debug\HAL.o
 .debug_info    0x000003c5      0x39a .\CortexM3\ARM_GCC_541\Debug\cyfitter_cfg.o
 .debug_info    0x0000075f      0x136 .\CortexM3\ARM_GCC_541\Debug\cymetadata.o
 .debug_info    0x00000895      0x32b .\CortexM3\ARM_GCC_541\Debug\Cm3Start.o
 .debug_info    0x00000bc0      0x2a7 .\CortexM3\ARM_GCC_541\Debug\MPS_W22_Prakt_3.a(PWM.o)
 .debug_info    0x00000e67      0x241 .\CortexM3\ARM_GCC_541\Debug\MPS_W22_Prakt_3.a(isr_UART_RX.o)
 .debug_info    0x000010a8      0x11e .\CortexM3\ARM_GCC_541\Debug\MPS_W22_Prakt_3.a(Pin_E_CW.o)
 .debug_info    0x000011c6      0x11e .\CortexM3\ARM_GCC_541\Debug\MPS_W22_Prakt_3.a(Pin_S_CW.o)
 .debug_info    0x000012e4      0x241 .\CortexM3\ARM_GCC_541\Debug\MPS_W22_Prakt_3.a(isr_Clk.o)
 .debug_info    0x00001525      0x241 .\CortexM3\ARM_GCC_541\Debug\MPS_W22_Prakt_3.a(isr_CWEW.o)
 .debug_info    0x00001766      0x171 .\CortexM3\ARM_GCC_541\Debug\MPS_W22_Prakt_3.a(Pin_CWEW.o)
 .debug_info    0x000018d7      0x50a .\CortexM3\ARM_GCC_541\Debug\MPS_W22_Prakt_3.a(UART.o)
 .debug_info    0x00001de1      0x11e .\CortexM3\ARM_GCC_541\Debug\MPS_W22_Prakt_3.a(Pin_W_G.o)
 .debug_info    0x00001eff      0x11e .\CortexM3\ARM_GCC_541\Debug\MPS_W22_Prakt_3.a(Pin_W_Y.o)
 .debug_info    0x0000201d      0x11e .\CortexM3\ARM_GCC_541\Debug\MPS_W22_Prakt_3.a(Pin_W_R.o)
 .debug_info    0x0000213b      0x11e .\CortexM3\ARM_GCC_541\Debug\MPS_W22_Prakt_3.a(Pin_N_R.o)
 .debug_info    0x00002259      0x11e .\CortexM3\ARM_GCC_541\Debug\MPS_W22_Prakt_3.a(Pin_N_Y.o)
 .debug_info    0x00002377      0x11e .\CortexM3\ARM_GCC_541\Debug\MPS_W22_Prakt_3.a(Pin_N_G.o)
 .debug_info    0x00002495      0x11e .\CortexM3\ARM_GCC_541\Debug\MPS_W22_Prakt_3.a(Pin_S_G.o)
 .debug_info    0x000025b3      0x11e .\CortexM3\ARM_GCC_541\Debug\MPS_W22_Prakt_3.a(Pin_S_Y.o)
 .debug_info    0x000026d1      0x11e .\CortexM3\ARM_GCC_541\Debug\MPS_W22_Prakt_3.a(Pin_S_R.o)
 .debug_info    0x000027ef      0x25d .\CortexM3\ARM_GCC_541\Debug\MPS_W22_Prakt_3.a(UART_IntClock.o)
 .debug_info    0x00002a4c      0xe51 .\CortexM3\ARM_GCC_541\Debug\MPS_W22_Prakt_3.a(CyLib.o)
 .debug_info    0x0000389d      0x57a .\CortexM3\ARM_GCC_541\Debug\MPS_W22_Prakt_3.a(cyPm.o)
 .debug_info    0x00003e17       0x72 .\CortexM3\ARM_GCC_541\Debug\MPS_W22_Prakt_3.a(CyBootAsmGnu.o)
 .debug_info    0x00003e89      0x3b9 .\CortexM3\ARM_GCC_541\Debug\MPS_W22_Prakt_3.a(CyFlash.o)
 .debug_info    0x00004242      0x4c0 .\CortexM3\ARM_GCC_541\Debug\MPS_W22_Prakt_3.a(CySpc.o)

.debug_abbrev   0x00000000     0x1a96
 *(.debug_abbrev)
 .debug_abbrev  0x00000000      0x10a .\CortexM3\ARM_GCC_541\Debug\main.o
 .debug_abbrev  0x0000010a       0x9b .\CortexM3\ARM_GCC_541\Debug\HAL.o
 .debug_abbrev  0x000001a5      0x19d .\CortexM3\ARM_GCC_541\Debug\cyfitter_cfg.o
 .debug_abbrev  0x00000342       0x77 .\CortexM3\ARM_GCC_541\Debug\cymetadata.o
 .debug_abbrev  0x000003b9      0x1d6 .\CortexM3\ARM_GCC_541\Debug\Cm3Start.o
 .debug_abbrev  0x0000058f      0x12e .\CortexM3\ARM_GCC_541\Debug\MPS_W22_Prakt_3.a(PWM.o)
 .debug_abbrev  0x000006bd      0x172 .\CortexM3\ARM_GCC_541\Debug\MPS_W22_Prakt_3.a(isr_UART_RX.o)
 .debug_abbrev  0x0000082f       0x90 .\CortexM3\ARM_GCC_541\Debug\MPS_W22_Prakt_3.a(Pin_E_CW.o)
 .debug_abbrev  0x000008bf       0x90 .\CortexM3\ARM_GCC_541\Debug\MPS_W22_Prakt_3.a(Pin_S_CW.o)
 .debug_abbrev  0x0000094f      0x172 .\CortexM3\ARM_GCC_541\Debug\MPS_W22_Prakt_3.a(isr_Clk.o)
 .debug_abbrev  0x00000ac1      0x172 .\CortexM3\ARM_GCC_541\Debug\MPS_W22_Prakt_3.a(isr_CWEW.o)
 .debug_abbrev  0x00000c33       0x90 .\CortexM3\ARM_GCC_541\Debug\MPS_W22_Prakt_3.a(Pin_CWEW.o)
 .debug_abbrev  0x00000cc3      0x163 .\CortexM3\ARM_GCC_541\Debug\MPS_W22_Prakt_3.a(UART.o)
 .debug_abbrev  0x00000e26       0x90 .\CortexM3\ARM_GCC_541\Debug\MPS_W22_Prakt_3.a(Pin_W_G.o)
 .debug_abbrev  0x00000eb6       0x90 .\CortexM3\ARM_GCC_541\Debug\MPS_W22_Prakt_3.a(Pin_W_Y.o)
 .debug_abbrev  0x00000f46       0x90 .\CortexM3\ARM_GCC_541\Debug\MPS_W22_Prakt_3.a(Pin_W_R.o)
 .debug_abbrev  0x00000fd6       0x90 .\CortexM3\ARM_GCC_541\Debug\MPS_W22_Prakt_3.a(Pin_N_R.o)
 .debug_abbrev  0x00001066       0x90 .\CortexM3\ARM_GCC_541\Debug\MPS_W22_Prakt_3.a(Pin_N_Y.o)
 .debug_abbrev  0x000010f6       0x90 .\CortexM3\ARM_GCC_541\Debug\MPS_W22_Prakt_3.a(Pin_N_G.o)
 .debug_abbrev  0x00001186       0x90 .\CortexM3\ARM_GCC_541\Debug\MPS_W22_Prakt_3.a(Pin_S_G.o)
 .debug_abbrev  0x00001216       0x90 .\CortexM3\ARM_GCC_541\Debug\MPS_W22_Prakt_3.a(Pin_S_Y.o)
 .debug_abbrev  0x000012a6       0x90 .\CortexM3\ARM_GCC_541\Debug\MPS_W22_Prakt_3.a(Pin_S_R.o)
 .debug_abbrev  0x00001336      0x11d .\CortexM3\ARM_GCC_541\Debug\MPS_W22_Prakt_3.a(UART_IntClock.o)
 .debug_abbrev  0x00001453      0x217 .\CortexM3\ARM_GCC_541\Debug\MPS_W22_Prakt_3.a(CyLib.o)
 .debug_abbrev  0x0000166a      0x161 .\CortexM3\ARM_GCC_541\Debug\MPS_W22_Prakt_3.a(cyPm.o)
 .debug_abbrev  0x000017cb       0x14 .\CortexM3\ARM_GCC_541\Debug\MPS_W22_Prakt_3.a(CyBootAsmGnu.o)
 .debug_abbrev  0x000017df      0x14b .\CortexM3\ARM_GCC_541\Debug\MPS_W22_Prakt_3.a(CyFlash.o)
 .debug_abbrev  0x0000192a      0x16c .\CortexM3\ARM_GCC_541\Debug\MPS_W22_Prakt_3.a(CySpc.o)

.debug_line     0x00000000     0x2b36
 *(.debug_line)
 .debug_line    0x00000000      0x25d .\CortexM3\ARM_GCC_541\Debug\main.o
 .debug_line    0x0000025d      0x1d9 .\CortexM3\ARM_GCC_541\Debug\HAL.o
 .debug_line    0x00000436      0x1eb .\CortexM3\ARM_GCC_541\Debug\cyfitter_cfg.o
 .debug_line    0x00000621      0x12f .\CortexM3\ARM_GCC_541\Debug\cymetadata.o
 .debug_line    0x00000750      0x1d3 .\CortexM3\ARM_GCC_541\Debug\Cm3Start.o
 .debug_line    0x00000923      0x187 .\CortexM3\ARM_GCC_541\Debug\MPS_W22_Prakt_3.a(PWM.o)
 .debug_line    0x00000aaa      0x156 .\CortexM3\ARM_GCC_541\Debug\MPS_W22_Prakt_3.a(isr_UART_RX.o)
 .debug_line    0x00000c00       0x98 .\CortexM3\ARM_GCC_541\Debug\MPS_W22_Prakt_3.a(Pin_E_CW.o)
 .debug_line    0x00000c98       0x98 .\CortexM3\ARM_GCC_541\Debug\MPS_W22_Prakt_3.a(Pin_S_CW.o)
 .debug_line    0x00000d30      0x142 .\CortexM3\ARM_GCC_541\Debug\MPS_W22_Prakt_3.a(isr_Clk.o)
 .debug_line    0x00000e72      0x153 .\CortexM3\ARM_GCC_541\Debug\MPS_W22_Prakt_3.a(isr_CWEW.o)
 .debug_line    0x00000fc5       0xbd .\CortexM3\ARM_GCC_541\Debug\MPS_W22_Prakt_3.a(Pin_CWEW.o)
 .debug_line    0x00001082      0x2e2 .\CortexM3\ARM_GCC_541\Debug\MPS_W22_Prakt_3.a(UART.o)
 .debug_line    0x00001364       0x97 .\CortexM3\ARM_GCC_541\Debug\MPS_W22_Prakt_3.a(Pin_W_G.o)
 .debug_line    0x000013fb       0x97 .\CortexM3\ARM_GCC_541\Debug\MPS_W22_Prakt_3.a(Pin_W_Y.o)
 .debug_line    0x00001492       0x97 .\CortexM3\ARM_GCC_541\Debug\MPS_W22_Prakt_3.a(Pin_W_R.o)
 .debug_line    0x00001529       0x97 .\CortexM3\ARM_GCC_541\Debug\MPS_W22_Prakt_3.a(Pin_N_R.o)
 .debug_line    0x000015c0       0x97 .\CortexM3\ARM_GCC_541\Debug\MPS_W22_Prakt_3.a(Pin_N_Y.o)
 .debug_line    0x00001657       0x97 .\CortexM3\ARM_GCC_541\Debug\MPS_W22_Prakt_3.a(Pin_N_G.o)
 .debug_line    0x000016ee       0x97 .\CortexM3\ARM_GCC_541\Debug\MPS_W22_Prakt_3.a(Pin_S_G.o)
 .debug_line    0x00001785       0x97 .\CortexM3\ARM_GCC_541\Debug\MPS_W22_Prakt_3.a(Pin_S_Y.o)
 .debug_line    0x0000181c       0x97 .\CortexM3\ARM_GCC_541\Debug\MPS_W22_Prakt_3.a(Pin_S_R.o)
 .debug_line    0x000018b3      0x1ac .\CortexM3\ARM_GCC_541\Debug\MPS_W22_Prakt_3.a(UART_IntClock.o)
 .debug_line    0x00001a5f      0x883 .\CortexM3\ARM_GCC_541\Debug\MPS_W22_Prakt_3.a(CyLib.o)
 .debug_line    0x000022e2      0x38e .\CortexM3\ARM_GCC_541\Debug\MPS_W22_Prakt_3.a(cyPm.o)
 .debug_line    0x00002670       0x66 .\CortexM3\ARM_GCC_541\Debug\MPS_W22_Prakt_3.a(CyBootAsmGnu.o)
 .debug_line    0x000026d6      0x22f .\CortexM3\ARM_GCC_541\Debug\MPS_W22_Prakt_3.a(CyFlash.o)
 .debug_line    0x00002905      0x231 .\CortexM3\ARM_GCC_541\Debug\MPS_W22_Prakt_3.a(CySpc.o)

.debug_frame    0x00000000     0x30c0
 *(.debug_frame)
 .debug_frame   0x00000000       0xb4 .\CortexM3\ARM_GCC_541\Debug\main.o
 .debug_frame   0x000000b4      0x124 .\CortexM3\ARM_GCC_541\Debug\HAL.o
 .debug_frame   0x000001d8      0x16c .\CortexM3\ARM_GCC_541\Debug\cyfitter_cfg.o
 .debug_frame   0x00000344       0xd8 .\CortexM3\ARM_GCC_541\Debug\Cm3Start.o
 .debug_frame   0x0000041c      0x25c .\CortexM3\ARM_GCC_541\Debug\MPS_W22_Prakt_3.a(PWM.o)
 .debug_frame   0x00000678      0x1e8 .\CortexM3\ARM_GCC_541\Debug\MPS_W22_Prakt_3.a(isr_UART_RX.o)
 .debug_frame   0x00000860       0xa8 .\CortexM3\ARM_GCC_541\Debug\MPS_W22_Prakt_3.a(Pin_E_CW.o)
 .debug_frame   0x00000908       0xa8 .\CortexM3\ARM_GCC_541\Debug\MPS_W22_Prakt_3.a(Pin_S_CW.o)
 .debug_frame   0x000009b0      0x1e8 .\CortexM3\ARM_GCC_541\Debug\MPS_W22_Prakt_3.a(isr_Clk.o)
 .debug_frame   0x00000b98      0x1e8 .\CortexM3\ARM_GCC_541\Debug\MPS_W22_Prakt_3.a(isr_CWEW.o)
 .debug_frame   0x00000d80       0xf4 .\CortexM3\ARM_GCC_541\Debug\MPS_W22_Prakt_3.a(Pin_CWEW.o)
 .debug_frame   0x00000e74      0x42c .\CortexM3\ARM_GCC_541\Debug\MPS_W22_Prakt_3.a(UART.o)
 .debug_frame   0x000012a0       0xa8 .\CortexM3\ARM_GCC_541\Debug\MPS_W22_Prakt_3.a(Pin_W_G.o)
 .debug_frame   0x00001348       0xa8 .\CortexM3\ARM_GCC_541\Debug\MPS_W22_Prakt_3.a(Pin_W_Y.o)
 .debug_frame   0x000013f0       0xa8 .\CortexM3\ARM_GCC_541\Debug\MPS_W22_Prakt_3.a(Pin_W_R.o)
 .debug_frame   0x00001498       0xa8 .\CortexM3\ARM_GCC_541\Debug\MPS_W22_Prakt_3.a(Pin_N_R.o)
 .debug_frame   0x00001540       0xa8 .\CortexM3\ARM_GCC_541\Debug\MPS_W22_Prakt_3.a(Pin_N_Y.o)
 .debug_frame   0x000015e8       0xa8 .\CortexM3\ARM_GCC_541\Debug\MPS_W22_Prakt_3.a(Pin_N_G.o)
 .debug_frame   0x00001690       0xa8 .\CortexM3\ARM_GCC_541\Debug\MPS_W22_Prakt_3.a(Pin_S_G.o)
 .debug_frame   0x00001738       0xa8 .\CortexM3\ARM_GCC_541\Debug\MPS_W22_Prakt_3.a(Pin_S_Y.o)
 .debug_frame   0x000017e0       0xa8 .\CortexM3\ARM_GCC_541\Debug\MPS_W22_Prakt_3.a(Pin_S_R.o)
 .debug_frame   0x00001888      0x1b4 .\CortexM3\ARM_GCC_541\Debug\MPS_W22_Prakt_3.a(UART_IntClock.o)
 .debug_frame   0x00001a3c      0xc0c .\CortexM3\ARM_GCC_541\Debug\MPS_W22_Prakt_3.a(CyLib.o)
 .debug_frame   0x00002648      0x234 .\CortexM3\ARM_GCC_541\Debug\MPS_W22_Prakt_3.a(cyPm.o)
 .debug_frame   0x0000287c      0x238 .\CortexM3\ARM_GCC_541\Debug\MPS_W22_Prakt_3.a(CyFlash.o)
 .debug_frame   0x00002ab4      0x228 .\CortexM3\ARM_GCC_541\Debug\MPS_W22_Prakt_3.a(CySpc.o)
 .debug_frame   0x00002cdc       0x20 d:/tools/psoc creator/psoc creator/4.4/psoc creator/import/gnu/arm/5.4.1/bin/../lib/gcc/arm-none-eabi/5.4.1/../../../../arm-none-eabi/lib/armv7-m\libg_nano.a(lib_a-errno.o)
 .debug_frame   0x00002cfc       0x28 d:/tools/psoc creator/psoc creator/4.4/psoc creator/import/gnu/arm/5.4.1/bin/../lib/gcc/arm-none-eabi/5.4.1/../../../../arm-none-eabi/lib/armv7-m\libg_nano.a(lib_a-exit.o)
 .debug_frame   0x00002d24       0x2c d:/tools/psoc creator/psoc creator/4.4/psoc creator/import/gnu/arm/5.4.1/bin/../lib/gcc/arm-none-eabi/5.4.1/../../../../arm-none-eabi/lib/armv7-m\libg_nano.a(lib_a-init.o)
 .debug_frame   0x00002d50       0x28 d:/tools/psoc creator/psoc creator/4.4/psoc creator/import/gnu/arm/5.4.1/bin/../lib/gcc/arm-none-eabi/5.4.1/../../../../arm-none-eabi/lib/armv7-m\libg_nano.a(lib_a-memcpy-stub.o)
 .debug_frame   0x00002d78       0x20 d:/tools/psoc creator/psoc creator/4.4/psoc creator/import/gnu/arm/5.4.1/bin/../lib/gcc/arm-none-eabi/5.4.1/../../../../arm-none-eabi/lib/armv7-m\libg_nano.a(lib_a-memset.o)
 .debug_frame   0x00002d98       0x70 d:/tools/psoc creator/psoc creator/4.4/psoc creator/import/gnu/arm/5.4.1/bin/../lib/gcc/arm-none-eabi/5.4.1/../../../../arm-none-eabi/lib/armv7-m\libg_nano.a(lib_a-sprintf.o)
 .debug_frame   0x00002e08       0x90 d:/tools/psoc creator/psoc creator/4.4/psoc creator/import/gnu/arm/5.4.1/bin/../lib/gcc/arm-none-eabi/5.4.1/../../../../arm-none-eabi/lib/armv7-m\libg_nano.a(lib_a-nano-svfprintf.o)
 .debug_frame   0x00002e98       0x60 d:/tools/psoc creator/psoc creator/4.4/psoc creator/import/gnu/arm/5.4.1/bin/../lib/gcc/arm-none-eabi/5.4.1/../../../../arm-none-eabi/lib/armv7-m\libg_nano.a(lib_a-nano-vfprintf_i.o)
 .debug_frame   0x00002ef8       0x28 d:/tools/psoc creator/psoc creator/4.4/psoc creator/import/gnu/arm/5.4.1/bin/../lib/gcc/arm-none-eabi/5.4.1/../../../../arm-none-eabi/lib/armv7-m\libg_nano.a(lib_a-memchr-stub.o)
 .debug_frame   0x00002f20       0x28 d:/tools/psoc creator/psoc creator/4.4/psoc creator/import/gnu/arm/5.4.1/bin/../lib/gcc/arm-none-eabi/5.4.1/../../../../arm-none-eabi/lib/armv7-m\libg_nano.a(lib_a-memmove.o)
 .debug_frame   0x00002f48       0x38 d:/tools/psoc creator/psoc creator/4.4/psoc creator/import/gnu/arm/5.4.1/bin/../lib/gcc/arm-none-eabi/5.4.1/../../../../arm-none-eabi/lib/armv7-m\libg_nano.a(lib_a-nano-freer.o)
 .debug_frame   0x00002f80       0x2c d:/tools/psoc creator/psoc creator/4.4/psoc creator/import/gnu/arm/5.4.1/bin/../lib/gcc/arm-none-eabi/5.4.1/../../../../arm-none-eabi/lib/armv7-m\libg_nano.a(lib_a-nano-mallocr.o)
 .debug_frame   0x00002fac       0x3c d:/tools/psoc creator/psoc creator/4.4/psoc creator/import/gnu/arm/5.4.1/bin/../lib/gcc/arm-none-eabi/5.4.1/../../../../arm-none-eabi/lib/armv7-m\libg_nano.a(lib_a-nano-reallocr.o)
 .debug_frame   0x00002fe8       0x2c d:/tools/psoc creator/psoc creator/4.4/psoc creator/import/gnu/arm/5.4.1/bin/../lib/gcc/arm-none-eabi/5.4.1/../../../../arm-none-eabi/lib/armv7-m\libg_nano.a(lib_a-sbrkr.o)
 .debug_frame   0x00003014       0x30 d:/tools/psoc creator/psoc creator/4.4/psoc creator/import/gnu/arm/5.4.1/bin/../lib/gcc/arm-none-eabi/5.4.1/../../../../arm-none-eabi/lib/armv7-m\libg_nano.a(lib_a-mlock.o)
 .debug_frame   0x00003044       0x20 d:/tools/psoc creator/psoc creator/4.4/psoc creator/import/gnu/arm/5.4.1/bin/../lib/gcc/arm-none-eabi/5.4.1/../../../../arm-none-eabi/lib/armv7-m\libg_nano.a(lib_a-nano-msizer.o)
 .debug_frame   0x00003064       0x5c d:/tools/psoc creator/psoc creator/4.4/psoc creator/import/gnu/arm/5.4.1/bin/../lib/gcc/arm-none-eabi/5.4.1/../../../../arm-none-eabi/lib/armv7-m\libg_nano.a(lib_a-reent.o)

.debug_str      0x00000000     0x2184
 *(.debug_str)
 .debug_str     0x00000000      0x1d7 .\CortexM3\ARM_GCC_541\Debug\main.o
                                0x230 (size before relaxing)
 .debug_str     0x000001d7       0xcc .\CortexM3\ARM_GCC_541\Debug\HAL.o
                                0x248 (size before relaxing)
 .debug_str     0x000002a3      0x16e .\CortexM3\ARM_GCC_541\Debug\cyfitter_cfg.o
                                0x2e5 (size before relaxing)
 .debug_str     0x00000411       0x75 .\CortexM3\ARM_GCC_541\Debug\cymetadata.o
                                0x1c6 (size before relaxing)
 .debug_str     0x00000486      0x123 .\CortexM3\ARM_GCC_541\Debug\Cm3Start.o
                                0x2b9 (size before relaxing)
 .debug_str     0x000005a9      0x178 .\CortexM3\ARM_GCC_541\Debug\MPS_W22_Prakt_3.a(PWM.o)
                                0x2ed (size before relaxing)
 .debug_str     0x00000721      0x152 .\CortexM3\ARM_GCC_541\Debug\MPS_W22_Prakt_3.a(isr_UART_RX.o)
                                0x2dc (size before relaxing)
 .debug_str     0x00000873       0x7a .\CortexM3\ARM_GCC_541\Debug\MPS_W22_Prakt_3.a(Pin_E_CW.o)
                                0x1d3 (size before relaxing)
 .debug_str     0x000008ed       0x6a .\CortexM3\ARM_GCC_541\Debug\MPS_W22_Prakt_3.a(Pin_S_CW.o)
                                0x1d3 (size before relaxing)
 .debug_str     0x00000957      0x102 .\CortexM3\ARM_GCC_541\Debug\MPS_W22_Prakt_3.a(isr_Clk.o)
                                0x2a4 (size before relaxing)
 .debug_str     0x00000a59      0x110 .\CortexM3\ARM_GCC_541\Debug\MPS_W22_Prakt_3.a(isr_CWEW.o)
                                0x2b2 (size before relaxing)
 .debug_str     0x00000b69       0xa5 .\CortexM3\ARM_GCC_541\Debug\MPS_W22_Prakt_3.a(Pin_CWEW.o)
                                0x215 (size before relaxing)
 .debug_str     0x00000c0e      0x278 .\CortexM3\ARM_GCC_541\Debug\MPS_W22_Prakt_3.a(UART.o)
                                0x403 (size before relaxing)
 .debug_str     0x00000e86       0x65 .\CortexM3\ARM_GCC_541\Debug\MPS_W22_Prakt_3.a(Pin_W_G.o)
                                0x1ce (size before relaxing)
 .debug_str     0x00000eeb       0x65 .\CortexM3\ARM_GCC_541\Debug\MPS_W22_Prakt_3.a(Pin_W_Y.o)
                                0x1ce (size before relaxing)
 .debug_str     0x00000f50       0x65 .\CortexM3\ARM_GCC_541\Debug\MPS_W22_Prakt_3.a(Pin_W_R.o)
                                0x1ce (size before relaxing)
 .debug_str     0x00000fb5       0x65 .\CortexM3\ARM_GCC_541\Debug\MPS_W22_Prakt_3.a(Pin_N_R.o)
                                0x1ce (size before relaxing)
 .debug_str     0x0000101a       0x65 .\CortexM3\ARM_GCC_541\Debug\MPS_W22_Prakt_3.a(Pin_N_Y.o)
                                0x1ce (size before relaxing)
 .debug_str     0x0000107f       0x65 .\CortexM3\ARM_GCC_541\Debug\MPS_W22_Prakt_3.a(Pin_N_G.o)
                                0x1ce (size before relaxing)
 .debug_str     0x000010e4       0x65 .\CortexM3\ARM_GCC_541\Debug\MPS_W22_Prakt_3.a(Pin_S_G.o)
                                0x1ce (size before relaxing)
 .debug_str     0x00001149       0x65 .\CortexM3\ARM_GCC_541\Debug\MPS_W22_Prakt_3.a(Pin_S_Y.o)
                                0x1ce (size before relaxing)
 .debug_str     0x000011ae       0x65 .\CortexM3\ARM_GCC_541\Debug\MPS_W22_Prakt_3.a(Pin_S_R.o)
                                0x1ce (size before relaxing)
 .debug_str     0x00001213      0x1aa .\CortexM3\ARM_GCC_541\Debug\MPS_W22_Prakt_3.a(UART_IntClock.o)
                                0x318 (size before relaxing)
 .debug_str     0x000013bd      0x7da .\CortexM3\ARM_GCC_541\Debug\MPS_W22_Prakt_3.a(CyLib.o)
                                0x9cc (size before relaxing)
 .debug_str     0x00001b97      0x371 .\CortexM3\ARM_GCC_541\Debug\MPS_W22_Prakt_3.a(cyPm.o)
                                0x525 (size before relaxing)
 .debug_str     0x00001f08      0x14f .\CortexM3\ARM_GCC_541\Debug\MPS_W22_Prakt_3.a(CyFlash.o)
                                0x2e9 (size before relaxing)
 .debug_str     0x00002057      0x12d .\CortexM3\ARM_GCC_541\Debug\MPS_W22_Prakt_3.a(CySpc.o)
                                0x2e3 (size before relaxing)

.debug_loc
 *(.debug_loc)

.debug_macinfo
 *(.debug_macinfo)

.debug_ranges   0x00000000      0xa10
 *(.debug_ranges)
 .debug_ranges  0x00000000       0x30 .\CortexM3\ARM_GCC_541\Debug\main.o
 .debug_ranges  0x00000030       0x50 .\CortexM3\ARM_GCC_541\Debug\HAL.o
 .debug_ranges  0x00000080       0x50 .\CortexM3\ARM_GCC_541\Debug\cyfitter_cfg.o
 .debug_ranges  0x000000d0       0x38 .\CortexM3\ARM_GCC_541\Debug\Cm3Start.o
 .debug_ranges  0x00000108       0x88 .\CortexM3\ARM_GCC_541\Debug\MPS_W22_Prakt_3.a(PWM.o)
 .debug_ranges  0x00000190       0x70 .\CortexM3\ARM_GCC_541\Debug\MPS_W22_Prakt_3.a(isr_UART_RX.o)
 .debug_ranges  0x00000200       0x28 .\CortexM3\ARM_GCC_541\Debug\MPS_W22_Prakt_3.a(Pin_E_CW.o)
 .debug_ranges  0x00000228       0x28 .\CortexM3\ARM_GCC_541\Debug\MPS_W22_Prakt_3.a(Pin_S_CW.o)
 .debug_ranges  0x00000250       0x70 .\CortexM3\ARM_GCC_541\Debug\MPS_W22_Prakt_3.a(isr_Clk.o)
 .debug_ranges  0x000002c0       0x70 .\CortexM3\ARM_GCC_541\Debug\MPS_W22_Prakt_3.a(isr_CWEW.o)
 .debug_ranges  0x00000330       0x38 .\CortexM3\ARM_GCC_541\Debug\MPS_W22_Prakt_3.a(Pin_CWEW.o)
 .debug_ranges  0x00000368       0xe0 .\CortexM3\ARM_GCC_541\Debug\MPS_W22_Prakt_3.a(UART.o)
 .debug_ranges  0x00000448       0x28 .\CortexM3\ARM_GCC_541\Debug\MPS_W22_Prakt_3.a(Pin_W_G.o)
 .debug_ranges  0x00000470       0x28 .\CortexM3\ARM_GCC_541\Debug\MPS_W22_Prakt_3.a(Pin_W_Y.o)
 .debug_ranges  0x00000498       0x28 .\CortexM3\ARM_GCC_541\Debug\MPS_W22_Prakt_3.a(Pin_W_R.o)
 .debug_ranges  0x000004c0       0x28 .\CortexM3\ARM_GCC_541\Debug\MPS_W22_Prakt_3.a(Pin_N_R.o)
 .debug_ranges  0x000004e8       0x28 .\CortexM3\ARM_GCC_541\Debug\MPS_W22_Prakt_3.a(Pin_N_Y.o)
 .debug_ranges  0x00000510       0x28 .\CortexM3\ARM_GCC_541\Debug\MPS_W22_Prakt_3.a(Pin_N_G.o)
 .debug_ranges  0x00000538       0x28 .\CortexM3\ARM_GCC_541\Debug\MPS_W22_Prakt_3.a(Pin_S_G.o)
 .debug_ranges  0x00000560       0x28 .\CortexM3\ARM_GCC_541\Debug\MPS_W22_Prakt_3.a(Pin_S_Y.o)
 .debug_ranges  0x00000588       0x28 .\CortexM3\ARM_GCC_541\Debug\MPS_W22_Prakt_3.a(Pin_S_R.o)
 .debug_ranges  0x000005b0       0x60 .\CortexM3\ARM_GCC_541\Debug\MPS_W22_Prakt_3.a(UART_IntClock.o)
 .debug_ranges  0x00000610      0x290 .\CortexM3\ARM_GCC_541\Debug\MPS_W22_Prakt_3.a(CyLib.o)
 .debug_ranges  0x000008a0       0x88 .\CortexM3\ARM_GCC_541\Debug\MPS_W22_Prakt_3.a(cyPm.o)
 .debug_ranges  0x00000928       0x78 .\CortexM3\ARM_GCC_541\Debug\MPS_W22_Prakt_3.a(CyFlash.o)
 .debug_ranges  0x000009a0       0x70 .\CortexM3\ARM_GCC_541\Debug\MPS_W22_Prakt_3.a(CySpc.o)

.comment        0x00000000       0x6e
 .comment       0x00000000       0x6e .\CortexM3\ARM_GCC_541\Debug\main.o
                                 0x6f (size before relaxing)
 .comment       0x0000006e       0x6f .\CortexM3\ARM_GCC_541\Debug\HAL.o
 .comment       0x0000006e       0x6f .\CortexM3\ARM_GCC_541\Debug\cyfitter_cfg.o
 .comment       0x0000006e       0x6f .\CortexM3\ARM_GCC_541\Debug\cymetadata.o
 .comment       0x0000006e       0x6f .\CortexM3\ARM_GCC_541\Debug\Cm3Start.o
 .comment       0x0000006e       0x6f .\CortexM3\ARM_GCC_541\Debug\MPS_W22_Prakt_3.a(PWM.o)
 .comment       0x0000006e       0x6f .\CortexM3\ARM_GCC_541\Debug\MPS_W22_Prakt_3.a(isr_UART_RX.o)
 .comment       0x0000006e       0x6f .\CortexM3\ARM_GCC_541\Debug\MPS_W22_Prakt_3.a(Pin_E_CW.o)
 .comment       0x0000006e       0x6f .\CortexM3\ARM_GCC_541\Debug\MPS_W22_Prakt_3.a(Pin_S_CW.o)
 .comment       0x0000006e       0x6f .\CortexM3\ARM_GCC_541\Debug\MPS_W22_Prakt_3.a(isr_Clk.o)
 .comment       0x0000006e       0x6f .\CortexM3\ARM_GCC_541\Debug\MPS_W22_Prakt_3.a(isr_CWEW.o)
 .comment       0x0000006e       0x6f .\CortexM3\ARM_GCC_541\Debug\MPS_W22_Prakt_3.a(Pin_CWEW.o)
 .comment       0x0000006e       0x6f .\CortexM3\ARM_GCC_541\Debug\MPS_W22_Prakt_3.a(UART.o)
 .comment       0x0000006e       0x6f .\CortexM3\ARM_GCC_541\Debug\MPS_W22_Prakt_3.a(Pin_W_G.o)
 .comment       0x0000006e       0x6f .\CortexM3\ARM_GCC_541\Debug\MPS_W22_Prakt_3.a(Pin_W_Y.o)
 .comment       0x0000006e       0x6f .\CortexM3\ARM_GCC_541\Debug\MPS_W22_Prakt_3.a(Pin_W_R.o)
 .comment       0x0000006e       0x6f .\CortexM3\ARM_GCC_541\Debug\MPS_W22_Prakt_3.a(Pin_N_R.o)
 .comment       0x0000006e       0x6f .\CortexM3\ARM_GCC_541\Debug\MPS_W22_Prakt_3.a(Pin_N_Y.o)
 .comment       0x0000006e       0x6f .\CortexM3\ARM_GCC_541\Debug\MPS_W22_Prakt_3.a(Pin_N_G.o)
 .comment       0x0000006e       0x6f .\CortexM3\ARM_GCC_541\Debug\MPS_W22_Prakt_3.a(Pin_S_G.o)
 .comment       0x0000006e       0x6f .\CortexM3\ARM_GCC_541\Debug\MPS_W22_Prakt_3.a(Pin_S_Y.o)
 .comment       0x0000006e       0x6f .\CortexM3\ARM_GCC_541\Debug\MPS_W22_Prakt_3.a(Pin_S_R.o)
 .comment       0x0000006e       0x6f .\CortexM3\ARM_GCC_541\Debug\MPS_W22_Prakt_3.a(UART_IntClock.o)
 .comment       0x0000006e       0x6f .\CortexM3\ARM_GCC_541\Debug\MPS_W22_Prakt_3.a(CyLib.o)
 .comment       0x0000006e       0x6f .\CortexM3\ARM_GCC_541\Debug\MPS_W22_Prakt_3.a(cyPm.o)
 .comment       0x0000006e       0x6f .\CortexM3\ARM_GCC_541\Debug\MPS_W22_Prakt_3.a(CyFlash.o)
 .comment       0x0000006e       0x6f .\CortexM3\ARM_GCC_541\Debug\MPS_W22_Prakt_3.a(CySpc.o)

.debug_weaknames
 *(.debug_weaknames)

.debug_funcnames
 *(.debug_funcnames)

.debug_typenames
 *(.debug_typenames)

.debug_varnames
 *(.debug_varnames)

.note.gnu.arm.ident
 *(.note.gnu.arm.ident)

.ARM.attributes
                0x00000000       0x29
 *(.ARM.attributes)
 .ARM.attributes
                0x00000000       0x1d d:/tools/psoc creator/psoc creator/4.4/psoc creator/import/gnu/arm/5.4.1/bin/../lib/gcc/arm-none-eabi/5.4.1/armv7-m/crti.o
 .ARM.attributes
                0x0000001d       0x2d d:/tools/psoc creator/psoc creator/4.4/psoc creator/import/gnu/arm/5.4.1/bin/../lib/gcc/arm-none-eabi/5.4.1/armv7-m/crtbegin.o
 .ARM.attributes
                0x0000004a       0x1b d:/tools/psoc creator/psoc creator/4.4/psoc creator/import/gnu/arm/5.4.1/bin/../lib/gcc/arm-none-eabi/5.4.1/../../../../arm-none-eabi/lib/armv7-m/crt0.o
 .ARM.attributes
                0x00000065       0x33 .\CortexM3\ARM_GCC_541\Debug\main.o
 .ARM.attributes
                0x00000098       0x33 .\CortexM3\ARM_GCC_541\Debug\HAL.o
 .ARM.attributes
                0x000000cb       0x33 .\CortexM3\ARM_GCC_541\Debug\cyfitter_cfg.o
 .ARM.attributes
                0x000000fe       0x33 .\CortexM3\ARM_GCC_541\Debug\cymetadata.o
 .ARM.attributes
                0x00000131       0x33 .\CortexM3\ARM_GCC_541\Debug\Cm3Start.o
 .ARM.attributes
                0x00000164       0x33 .\CortexM3\ARM_GCC_541\Debug\MPS_W22_Prakt_3.a(PWM.o)
 .ARM.attributes
                0x00000197       0x33 .\CortexM3\ARM_GCC_541\Debug\MPS_W22_Prakt_3.a(isr_UART_RX.o)
 .ARM.attributes
                0x000001ca       0x33 .\CortexM3\ARM_GCC_541\Debug\MPS_W22_Prakt_3.a(Pin_E_CW.o)
 .ARM.attributes
                0x000001fd       0x33 .\CortexM3\ARM_GCC_541\Debug\MPS_W22_Prakt_3.a(Pin_S_CW.o)
 .ARM.attributes
                0x00000230       0x33 .\CortexM3\ARM_GCC_541\Debug\MPS_W22_Prakt_3.a(isr_Clk.o)
 .ARM.attributes
                0x00000263       0x33 .\CortexM3\ARM_GCC_541\Debug\MPS_W22_Prakt_3.a(isr_CWEW.o)
 .ARM.attributes
                0x00000296       0x33 .\CortexM3\ARM_GCC_541\Debug\MPS_W22_Prakt_3.a(Pin_CWEW.o)
 .ARM.attributes
                0x000002c9       0x33 .\CortexM3\ARM_GCC_541\Debug\MPS_W22_Prakt_3.a(UART.o)
 .ARM.attributes
                0x000002fc       0x33 .\CortexM3\ARM_GCC_541\Debug\MPS_W22_Prakt_3.a(Pin_W_G.o)
 .ARM.attributes
                0x0000032f       0x33 .\CortexM3\ARM_GCC_541\Debug\MPS_W22_Prakt_3.a(Pin_W_Y.o)
 .ARM.attributes
                0x00000362       0x33 .\CortexM3\ARM_GCC_541\Debug\MPS_W22_Prakt_3.a(Pin_W_R.o)
 .ARM.attributes
                0x00000395       0x33 .\CortexM3\ARM_GCC_541\Debug\MPS_W22_Prakt_3.a(Pin_N_R.o)
 .ARM.attributes
                0x000003c8       0x33 .\CortexM3\ARM_GCC_541\Debug\MPS_W22_Prakt_3.a(Pin_N_Y.o)
 .ARM.attributes
                0x000003fb       0x33 .\CortexM3\ARM_GCC_541\Debug\MPS_W22_Prakt_3.a(Pin_N_G.o)
 .ARM.attributes
                0x0000042e       0x33 .\CortexM3\ARM_GCC_541\Debug\MPS_W22_Prakt_3.a(Pin_S_G.o)
 .ARM.attributes
                0x00000461       0x33 .\CortexM3\ARM_GCC_541\Debug\MPS_W22_Prakt_3.a(Pin_S_Y.o)
 .ARM.attributes
                0x00000494       0x33 .\CortexM3\ARM_GCC_541\Debug\MPS_W22_Prakt_3.a(Pin_S_R.o)
 .ARM.attributes
                0x000004c7       0x33 .\CortexM3\ARM_GCC_541\Debug\MPS_W22_Prakt_3.a(UART_IntClock.o)
 .ARM.attributes
                0x000004fa       0x33 .\CortexM3\ARM_GCC_541\Debug\MPS_W22_Prakt_3.a(CyLib.o)
 .ARM.attributes
                0x0000052d       0x33 .\CortexM3\ARM_GCC_541\Debug\MPS_W22_Prakt_3.a(cyPm.o)
 .ARM.attributes
                0x00000560       0x21 .\CortexM3\ARM_GCC_541\Debug\MPS_W22_Prakt_3.a(CyBootAsmGnu.o)
 .ARM.attributes
                0x00000581       0x33 .\CortexM3\ARM_GCC_541\Debug\MPS_W22_Prakt_3.a(CyFlash.o)
 .ARM.attributes
                0x000005b4       0x33 .\CortexM3\ARM_GCC_541\Debug\MPS_W22_Prakt_3.a(CySpc.o)
 .ARM.attributes
                0x000005e7       0x2d d:/tools/psoc creator/psoc creator/4.4/psoc creator/import/gnu/arm/5.4.1/bin/../lib/gcc/arm-none-eabi/5.4.1/../../../../arm-none-eabi/lib/armv7-m\libg_nano.a(lib_a-errno.o)
 .ARM.attributes
                0x00000614       0x2d d:/tools/psoc creator/psoc creator/4.4/psoc creator/import/gnu/arm/5.4.1/bin/../lib/gcc/arm-none-eabi/5.4.1/../../../../arm-none-eabi/lib/armv7-m\libg_nano.a(lib_a-exit.o)
 .ARM.attributes
                0x00000641       0x2d d:/tools/psoc creator/psoc creator/4.4/psoc creator/import/gnu/arm/5.4.1/bin/../lib/gcc/arm-none-eabi/5.4.1/../../../../arm-none-eabi/lib/armv7-m\libg_nano.a(lib_a-impure.o)
 .ARM.attributes
                0x0000066e       0x2d d:/tools/psoc creator/psoc creator/4.4/psoc creator/import/gnu/arm/5.4.1/bin/../lib/gcc/arm-none-eabi/5.4.1/../../../../arm-none-eabi/lib/armv7-m\libg_nano.a(lib_a-init.o)
 .ARM.attributes
                0x0000069b       0x2d d:/tools/psoc creator/psoc creator/4.4/psoc creator/import/gnu/arm/5.4.1/bin/../lib/gcc/arm-none-eabi/5.4.1/../../../../arm-none-eabi/lib/armv7-m\libg_nano.a(lib_a-memcpy-stub.o)
 .ARM.attributes
                0x000006c8       0x2d d:/tools/psoc creator/psoc creator/4.4/psoc creator/import/gnu/arm/5.4.1/bin/../lib/gcc/arm-none-eabi/5.4.1/../../../../arm-none-eabi/lib/armv7-m\libg_nano.a(lib_a-memset.o)
 .ARM.attributes
                0x000006f5       0x2d d:/tools/psoc creator/psoc creator/4.4/psoc creator/import/gnu/arm/5.4.1/bin/../lib/gcc/arm-none-eabi/5.4.1/../../../../arm-none-eabi/lib/armv7-m\libg_nano.a(lib_a-sprintf.o)
 .ARM.attributes
                0x00000722       0x2d d:/tools/psoc creator/psoc creator/4.4/psoc creator/import/gnu/arm/5.4.1/bin/../lib/gcc/arm-none-eabi/5.4.1/../../../../arm-none-eabi/lib/armv7-m\libg_nano.a(lib_a-nano-svfprintf.o)
 .ARM.attributes
                0x0000074f       0x2d d:/tools/psoc creator/psoc creator/4.4/psoc creator/import/gnu/arm/5.4.1/bin/../lib/gcc/arm-none-eabi/5.4.1/../../../../arm-none-eabi/lib/armv7-m\libg_nano.a(lib_a-nano-vfprintf_i.o)
 .ARM.attributes
                0x0000077c       0x2d d:/tools/psoc creator/psoc creator/4.4/psoc creator/import/gnu/arm/5.4.1/bin/../lib/gcc/arm-none-eabi/5.4.1/../../../../arm-none-eabi/lib/armv7-m\libg_nano.a(lib_a-memchr-stub.o)
 .ARM.attributes
                0x000007a9       0x2d d:/tools/psoc creator/psoc creator/4.4/psoc creator/import/gnu/arm/5.4.1/bin/../lib/gcc/arm-none-eabi/5.4.1/../../../../arm-none-eabi/lib/armv7-m\libg_nano.a(lib_a-memmove.o)
 .ARM.attributes
                0x000007d6       0x2d d:/tools/psoc creator/psoc creator/4.4/psoc creator/import/gnu/arm/5.4.1/bin/../lib/gcc/arm-none-eabi/5.4.1/../../../../arm-none-eabi/lib/armv7-m\libg_nano.a(lib_a-nano-freer.o)
 .ARM.attributes
                0x00000803       0x2d d:/tools/psoc creator/psoc creator/4.4/psoc creator/import/gnu/arm/5.4.1/bin/../lib/gcc/arm-none-eabi/5.4.1/../../../../arm-none-eabi/lib/armv7-m\libg_nano.a(lib_a-nano-mallocr.o)
 .ARM.attributes
                0x00000830       0x2d d:/tools/psoc creator/psoc creator/4.4/psoc creator/import/gnu/arm/5.4.1/bin/../lib/gcc/arm-none-eabi/5.4.1/../../../../arm-none-eabi/lib/armv7-m\libg_nano.a(lib_a-nano-reallocr.o)
 .ARM.attributes
                0x0000085d       0x2d d:/tools/psoc creator/psoc creator/4.4/psoc creator/import/gnu/arm/5.4.1/bin/../lib/gcc/arm-none-eabi/5.4.1/../../../../arm-none-eabi/lib/armv7-m\libg_nano.a(lib_a-sbrkr.o)
 .ARM.attributes
                0x0000088a       0x2d d:/tools/psoc creator/psoc creator/4.4/psoc creator/import/gnu/arm/5.4.1/bin/../lib/gcc/arm-none-eabi/5.4.1/../../../../arm-none-eabi/lib/armv7-m\libg_nano.a(lib_a-mlock.o)
 .ARM.attributes
                0x000008b7       0x2d d:/tools/psoc creator/psoc creator/4.4/psoc creator/import/gnu/arm/5.4.1/bin/../lib/gcc/arm-none-eabi/5.4.1/../../../../arm-none-eabi/lib/armv7-m\libg_nano.a(lib_a-nano-msizer.o)
 .ARM.attributes
                0x000008e4       0x2d d:/tools/psoc creator/psoc creator/4.4/psoc creator/import/gnu/arm/5.4.1/bin/../lib/gcc/arm-none-eabi/5.4.1/../../../../arm-none-eabi/lib/armv7-m\libg_nano.a(lib_a-reent.o)
 .ARM.attributes
                0x00000911       0x2d d:/tools/psoc creator/psoc creator/4.4/psoc creator/import/gnu/arm/5.4.1/bin/../lib/gcc/arm-none-eabi/5.4.1/armv7-m/crtend.o
 .ARM.attributes
                0x0000093e       0x1d d:/tools/psoc creator/psoc creator/4.4/psoc creator/import/gnu/arm/5.4.1/bin/../lib/gcc/arm-none-eabi/5.4.1/armv7-m/crtn.o

/DISCARD/
 *(.note.GNU-stack)
OUTPUT(D:\github\MPS\MPS_W22_Prakt_3.cydsn\CortexM3\ARM_GCC_541\Debug\MPS_W22_Prakt_3.elf elf32-littlearm)
